Archive member included to satisfy reference by file (symbol)

/home/tantos/brew-toolset/lib/gcc/brew-none-elf/12.0.1/../../../../brew-none-elf/lib/libc.a(lib_a-atexit.o)
                              /home/tantos/brew-toolset/lib/gcc/brew-none-elf/12.0.1/../../../../brew-none-elf/lib/crt0.o (atexit)
/home/tantos/brew-toolset/lib/gcc/brew-none-elf/12.0.1/../../../../brew-none-elf/lib/libc.a(lib_a-exit.o)
                              /home/tantos/brew-toolset/lib/gcc/brew-none-elf/12.0.1/../../../../brew-none-elf/lib/crt0.o (exit)
/home/tantos/brew-toolset/lib/gcc/brew-none-elf/12.0.1/../../../../brew-none-elf/lib/libc.a(lib_a-fini.o)
                              /home/tantos/brew-toolset/lib/gcc/brew-none-elf/12.0.1/../../../../brew-none-elf/lib/crt0.o (__libc_fini_array)
/home/tantos/brew-toolset/lib/gcc/brew-none-elf/12.0.1/../../../../brew-none-elf/lib/libc.a(lib_a-impure.o)
                              /home/tantos/brew-toolset/lib/gcc/brew-none-elf/12.0.1/../../../../brew-none-elf/lib/libc.a(lib_a-exit.o) (_global_impure_ptr)
/home/tantos/brew-toolset/lib/gcc/brew-none-elf/12.0.1/../../../../brew-none-elf/lib/libc.a(lib_a-init.o)
                              /home/tantos/brew-toolset/lib/gcc/brew-none-elf/12.0.1/../../../../brew-none-elf/lib/crt0.o (__libc_init_array)
/home/tantos/brew-toolset/lib/gcc/brew-none-elf/12.0.1/../../../../brew-none-elf/lib/libc.a(lib_a-malloc.o)
                              dhry_1.o (malloc)
/home/tantos/brew-toolset/lib/gcc/brew-none-elf/12.0.1/../../../../brew-none-elf/lib/libc.a(lib_a-mallocr.o)
                              /home/tantos/brew-toolset/lib/gcc/brew-none-elf/12.0.1/../../../../brew-none-elf/lib/libc.a(lib_a-malloc.o) (_malloc_r)
/home/tantos/brew-toolset/lib/gcc/brew-none-elf/12.0.1/../../../../brew-none-elf/lib/libc.a(lib_a-memcpy.o)
                              dhry_1.o (memcpy)
/home/tantos/brew-toolset/lib/gcc/brew-none-elf/12.0.1/../../../../brew-none-elf/lib/libc.a(lib_a-memset.o)
                              /home/tantos/brew-toolset/lib/gcc/brew-none-elf/12.0.1/../../../../brew-none-elf/lib/crt0.o (memset)
/home/tantos/brew-toolset/lib/gcc/brew-none-elf/12.0.1/../../../../brew-none-elf/lib/libc.a(lib_a-mlock.o)
                              /home/tantos/brew-toolset/lib/gcc/brew-none-elf/12.0.1/../../../../brew-none-elf/lib/libc.a(lib_a-mallocr.o) (__malloc_lock)
/home/tantos/brew-toolset/lib/gcc/brew-none-elf/12.0.1/../../../../brew-none-elf/lib/libc.a(lib_a-printf.o)
                              dhry_1.o (printf)
/home/tantos/brew-toolset/lib/gcc/brew-none-elf/12.0.1/../../../../brew-none-elf/lib/libc.a(lib_a-putchar.o)
                              dhry_1.o (putchar)
/home/tantos/brew-toolset/lib/gcc/brew-none-elf/12.0.1/../../../../brew-none-elf/lib/libc.a(lib_a-putc.o)
                              /home/tantos/brew-toolset/lib/gcc/brew-none-elf/12.0.1/../../../../brew-none-elf/lib/libc.a(lib_a-putchar.o) (_putc_r)
/home/tantos/brew-toolset/lib/gcc/brew-none-elf/12.0.1/../../../../brew-none-elf/lib/libc.a(lib_a-puts.o)
                              dhry_1.o (puts)
/home/tantos/brew-toolset/lib/gcc/brew-none-elf/12.0.1/../../../../brew-none-elf/lib/libc.a(lib_a-sbrkr.o)
                              /home/tantos/brew-toolset/lib/gcc/brew-none-elf/12.0.1/../../../../brew-none-elf/lib/libc.a(lib_a-mallocr.o) (_sbrk_r)
/home/tantos/brew-toolset/lib/gcc/brew-none-elf/12.0.1/../../../../brew-none-elf/lib/libc.a(lib_a-strcmp.o)
                              dhry_2.o (strcmp)
/home/tantos/brew-toolset/lib/gcc/brew-none-elf/12.0.1/../../../../brew-none-elf/lib/libc.a(lib_a-strlen.o)
                              /home/tantos/brew-toolset/lib/gcc/brew-none-elf/12.0.1/../../../../brew-none-elf/lib/libc.a(lib_a-puts.o) (strlen)
/home/tantos/brew-toolset/lib/gcc/brew-none-elf/12.0.1/../../../../brew-none-elf/lib/libc.a(lib_a-vfprintf.o)
                              /home/tantos/brew-toolset/lib/gcc/brew-none-elf/12.0.1/../../../../brew-none-elf/lib/libc.a(lib_a-printf.o) (_vfprintf_r)
/home/tantos/brew-toolset/lib/gcc/brew-none-elf/12.0.1/../../../../brew-none-elf/lib/libc.a(lib_a-wbuf.o)
                              /home/tantos/brew-toolset/lib/gcc/brew-none-elf/12.0.1/../../../../brew-none-elf/lib/libc.a(lib_a-putc.o) (__swbuf_r)
/home/tantos/brew-toolset/lib/gcc/brew-none-elf/12.0.1/../../../../brew-none-elf/lib/libc.a(lib_a-wsetup.o)
                              /home/tantos/brew-toolset/lib/gcc/brew-none-elf/12.0.1/../../../../brew-none-elf/lib/libc.a(lib_a-vfprintf.o) (__swsetup_r)
/home/tantos/brew-toolset/lib/gcc/brew-none-elf/12.0.1/../../../../brew-none-elf/lib/libc.a(lib_a-__atexit.o)
                              /home/tantos/brew-toolset/lib/gcc/brew-none-elf/12.0.1/../../../../brew-none-elf/lib/libc.a(lib_a-atexit.o) (__register_exitproc)
/home/tantos/brew-toolset/lib/gcc/brew-none-elf/12.0.1/../../../../brew-none-elf/lib/libc.a(lib_a-__call_atexit.o)
[...]
Memory Configuration

Name             Origin             Length             Attributes
*default*        0x0000000000000000 0xffffffffffffffff

Linker script and memory map

LOAD /home/tantos/brew-toolset/lib/gcc/brew-none-elf/12.0.1/../../../../brew-none-elf/lib/crt0.o
LOAD /home/tantos/brew-toolset/lib/gcc/brew-none-elf/12.0.1/crti.o
LOAD /home/tantos/brew-toolset/lib/gcc/brew-none-elf/12.0.1/crtbegin.o
LOAD dhry_1.o
LOAD dhry_2.o
LOAD /home/tantos/brew-toolset/lib/gcc/brew-none-elf/12.0.1/../../../../brew-none-elf/lib/libc.a
LOAD /home/tantos/brew-toolset/lib/gcc/brew-none-elf/12.0.1/../../../../brew-none-elf/lib/libm.a
LOAD /home/tantos/brew-toolset/lib/gcc/brew-none-elf/12.0.1/../../../../brew-none-elf/lib/libbrew.a
LOAD /home/tantos/brew-toolset/lib/gcc/brew-none-elf/12.0.1/libgcc.a
LOAD /home/tantos/brew-toolset/lib/gcc/brew-none-elf/12.0.1/../../../../brew-none-elf/lib/libc.a
LOAD /home/tantos/brew-toolset/lib/gcc/brew-none-elf/12.0.1/../../../../brew-none-elf/lib/libbrew.a
LOAD /home/tantos/brew-toolset/lib/gcc/brew-none-elf/12.0.1/libgcc.a
LOAD /home/tantos/brew-toolset/lib/gcc/brew-none-elf/12.0.1/crtend.o
LOAD /home/tantos/brew-toolset/lib/gcc/brew-none-elf/12.0.1/crtn.o
LOAD /home/tantos/brew-toolset/lib/gcc/brew-none-elf/12.0.1/../../../../brew-none-elf/lib/libc.a
LOAD /home/tantos/brew-toolset/lib/gcc/brew-none-elf/12.0.1/../../../../brew-none-elf/lib/libbrew.a
LOAD /home/tantos/brew-toolset/lib/gcc/brew-none-elf/12.0.1/../../../../brew-none-elf/lib/libc.a
LOAD /home/tantos/brew-toolset/lib/gcc/brew-none-elf/12.0.1/../../../../brew-none-elf/lib/libbrew.a
                [!provide]                        PROVIDE (__executable_start = SEGMENT_START ("text-segment", 0x1000))
                0x0000000000001000                . = SEGMENT_START ("text-segment", 0x1000)

.interp
 *(.interp)

.note.gnu.build-id
 *(.note.gnu.build-id)

.hash
 *(.hash)

.gnu.hash
 *(.gnu.hash)

.dynsym
 *(.dynsym)

.dynstr
 *(.dynstr)

.gnu.version
 *(.gnu.version)

.gnu.version_d
 *(.gnu.version_d)

.gnu.version_r
 *(.gnu.version_r)

.rel.dyn        0x0000000000001000        0x0
 *(.rel.init)
 *(.rel.text .rel.text.* .rel.gnu.linkonce.t.*)
 *(.rel.fini)
 *(.rel.rodata .rel.rodata.* .rel.gnu.linkonce.r.*)
 *(.rel.data.rel.ro .rel.data.rel.ro.* .rel.gnu.linkonce.d.rel.ro.*)
 *(.rel.data .rel.data.* .rel.gnu.linkonce.d.*)
 *(.rel.tdata .rel.tdata.* .rel.gnu.linkonce.td.*)
 *(.rel.tbss .rel.tbss.* .rel.gnu.linkonce.tb.*)
 *(.rel.ctors)
 *(.rel.dtors)
 *(.rel.got)
 *(.rel.sdata .rel.sdata.* .rel.gnu.linkonce.s.*)
 *(.rel.sbss .rel.sbss.* .rel.gnu.linkonce.sb.*)
 *(.rel.sdata2 .rel.sdata2.* .rel.gnu.linkonce.s2.*)
 *(.rel.sbss2 .rel.sbss2.* .rel.gnu.linkonce.sb2.*)
 *(.rel.bss .rel.bss.* .rel.gnu.linkonce.b.*)
                [!provide]                        PROVIDE (__rel_iplt_start = .)
 *(.rel.iplt)
                [!provide]                        PROVIDE (__rel_iplt_end = .)

.rela.dyn       0x0000000000001000        0x0
 *(.rela.init)
 *(.rela.text .rela.text.* .rela.gnu.linkonce.t.*)
 *(.rela.fini)
 *(.rela.rodata .rela.rodata.* .rela.gnu.linkonce.r.*)
 *(.rela.data .rela.data.* .rela.gnu.linkonce.d.*)
 *(.rela.tdata .rela.tdata.* .rela.gnu.linkonce.td.*)
 *(.rela.tbss .rela.tbss.* .rela.gnu.linkonce.tb.*)
 *(.rela.ctors)
 *(.rela.dtors)
 *(.rela.got)
 *(.rela.sdata .rela.sdata.* .rela.gnu.linkonce.s.*)
 *(.rela.sbss .rela.sbss.* .rela.gnu.linkonce.sb.*)
 *(.rela.sdata2 .rela.sdata2.* .rela.gnu.linkonce.s2.*)
 *(.rela.sbss2 .rela.sbss2.* .rela.gnu.linkonce.sb2.*)
 *(.rela.bss .rela.bss.* .rela.gnu.linkonce.b.*)
                [!provide]                        PROVIDE (__rela_iplt_start = .)
 *(.rela.iplt)
                [!provide]                        PROVIDE (__rela_iplt_end = .)

.rel.plt
 *(.rel.plt)

.rela.plt
 *(.rela.plt)

.init           0x0000000000001000       0x80
 *(SORT_NONE(.init))
 .init          0x0000000000001000       0x80 /home/tantos/brew-toolset/lib/gcc/brew-none-elf/12.0.1/../../../../brew-none-elf/lib/crt0.o
                0x0000000000001000                __start
                0x0000000000001000                _start

.plt
 *(.plt)

.iplt
 *(.iplt)

.text           0x0000000000001080    0x13dd2
 *(.text.unlikely .text.*_unlikely .text.unlikely.*)
 *(.text.exit .text.exit.*)
 *(.text.startup .text.startup.*)
 *(.text.hot .text.hot.*)
 *(SORT_BY_NAME(.text.sorted.*))
 *(.text .stub .text.* .gnu.linkonce.t.*)
 .text          0x0000000000001080        0x0 /home/tantos/brew-toolset/lib/gcc/brew-none-elf/12.0.1/../../../../brew-none-elf/lib/crt0.o
 .text          0x0000000000001080        0x0 /home/tantos/brew-toolset/lib/gcc/brew-none-elf/12.0.1/crti.o
 .text          0x0000000000001080      0x170 /home/tantos/brew-toolset/lib/gcc/brew-none-elf/12.0.1/crtbegin.o
 .text          0x00000000000011f0      0x7da dhry_1.o
                0x0000000000001590                main
 .text          0x00000000000019ca      0x510 dhry_2.o
                0x00000000000019ca                Proc_6
                0x0000000000001b08                Proc_7
                0x0000000000001b58                Proc_8
                0x0000000000001cec                Func_1
                0x0000000000001d52                Func_2
                0x0000000000001e94                Func_3
 .text          0x0000000000001eda       0x3c /home/tantos/brew-toolset/lib/gcc/brew-none-elf/12.0.1/../../../../brew-none-elf/lib/libc.a(lib_a-atexit.o)
                0x0000000000001eda                atexit
 .text          0x0000000000001f16       0x52 /home/tantos/brew-toolset/lib/gcc/brew-none-elf/12.0.1/../../../../brew-none-elf/lib/libc.a(lib_a-exit.o)
                0x0000000000001f16                exit
 .text          0x0000000000001f68       0x7c /home/tantos/brew-toolset/lib/gcc/brew-none-elf/12.0.1/../../../../brew-none-elf/lib/libc.a(lib_a-fini.o)
                0x0000000000001f68                __libc_fini_array
 .text          0x0000000000001fe4        0x0 /home/tantos/brew-toolset/lib/gcc/brew-none-elf/12.0.1/../../../../brew-none-elf/lib/libc.a(lib_a-impure.o)
 .text          0x0000000000001fe4       0xbc /home/tantos/brew-toolset/lib/gcc/brew-none-elf/12.0.1/../../../../brew-none-elf/lib/libc.a(lib_a-init.o)
                0x0000000000001fe4                __libc_init_array
 .text          0x00000000000020a0       0x78 /home/tantos/brew-toolset/lib/gcc/brew-none-elf/12.0.1/../../../../brew-none-elf/lib/libc.a(lib_a-malloc.o)
                0x00000000000020a0                malloc
                0x00000000000020dc                free
 .text          0x0000000000002118      0xa64 /home/tantos/brew-toolset/lib/gcc/brew-none-elf/12.0.1/../../../../brew-none-elf/lib/libc.a(lib_a-mallocr.o)
                0x0000000000002118                _malloc_r
 .text          0x0000000000002b7c      0x142 /home/tantos/brew-toolset/lib/gcc/brew-none-elf/12.0.1/../../../../brew-none-elf/lib/libc.a(lib_a-memcpy.o)
                0x0000000000002b7c                memcpy
 .text          0x0000000000002cbe      0x154 /home/tantos/brew-toolset/lib/gcc/brew-none-elf/12.0.1/../../../../brew-none-elf/lib/libc.a(lib_a-memset.o)
                0x0000000000002cbe                memset
 .text          0x0000000000002e12       0x50 /home/tantos/brew-toolset/lib/gcc/brew-none-elf/12.0.1/../../../../brew-none-elf/lib/libc.a(lib_a-mlock.o)
                0x0000000000002e12                __malloc_lock
                0x0000000000002e3a                __malloc_unlock
 .text          0x0000000000002e62       0xb2 /home/tantos/brew-toolset/lib/gcc/brew-none-elf/12.0.1/../../../../brew-none-elf/lib/libc.a(lib_a-printf.o)
                0x0000000000002e62                _printf_r
                0x0000000000002eb6                printf
 .text          0x0000000000002f14       0x7e /home/tantos/brew-toolset/lib/gcc/brew-none-elf/12.0.1/../../../../brew-none-elf/lib/libc.a(lib_a-putchar.o)
                0x0000000000002f14                _putchar_r
                0x0000000000002f4e                putchar
 .text          0x0000000000002f92      0x1d8 /home/tantos/brew-toolset/lib/gcc/brew-none-elf/12.0.1/../../../../brew-none-elf/lib/libc.a(lib_a-putc.o)
                0x0000000000002f92                _putc_r
                0x0000000000003076                putc
 .text          0x000000000000316a      0x160 /home/tantos/brew-toolset/lib/gcc/brew-none-elf/12.0.1/../../../../brew-none-elf/lib/libc.a(lib_a-puts.o)
                0x000000000000316a                _puts_r
                0x000000000000328e                puts
 .text          0x00000000000032ca       0x80 /home/tantos/brew-toolset/lib/gcc/brew-none-elf/12.0.1/../../../../brew-none-elf/lib/libc.a(lib_a-sbrkr.o)
                0x00000000000032ca                _sbrk_r
 .text          0x000000000000334a       0xb2 /home/tantos/brew-toolset/lib/gcc/brew-none-elf/12.0.1/../../../../brew-none-elf/lib/libc.a(lib_a-strcmp.o)
                0x000000000000334a                strcmp
 .text          0x00000000000033fc       0xa2 /home/tantos/brew-toolset/lib/gcc/brew-none-elf/12.0.1/../../../../brew-none-elf/lib/libc.a(lib_a-strlen.o)
                0x00000000000033fc                strlen
 .text          0x000000000000349e     0x2f80 /home/tantos/brew-toolset/lib/gcc/brew-none-elf/12.0.1/../../../../brew-none-elf/lib/libc.a(lib_a-vfprintf.o)
                0x000000000000349e                _vfprintf_r
                0x00000000000062b8                vfprintf
 .text          0x000000000000641e      0x210 /home/tantos/brew-toolset/lib/gcc/brew-none-elf/12.0.1/../../../../brew-none-elf/lib/libc.a(lib_a-wbuf.o)
                0x000000000000641e                __swbuf_r
                0x00000000000065f0                __swbuf
 .text          0x000000000000662e      0x1d0 /home/tantos/brew-toolset/lib/gcc/brew-none-elf/12.0.1/../../../../brew-none-elf/lib/libc.a(lib_a-wsetup.o)
                0x000000000000662e                __swsetup_r
 .text          0x00000000000067fe       0xde /home/tantos/brew-toolset/lib/gcc/brew-none-elf/12.0.1/../../../../brew-none-elf/lib/libc.a(lib_a-__atexit.o)
                0x00000000000067fe                __register_exitproc
 .text          0x00000000000068dc      0x174 /home/tantos/brew-toolset/lib/gcc/brew-none-elf/12.0.1/../../../../brew-none-elf/lib/libc.a(lib_a-__call_atexit.o)
                0x00000000000068dc                __call_exitprocs
 .text          0x0000000000006a50     0x22da /home/tantos/brew-toolset/lib/gcc/brew-none-elf/12.0.1/../../../../brew-none-elf/lib/libc.a(lib_a-dtoa.o)
                0x0000000000006cd0                _dtoa_r
 .text          0x0000000000008d2a      0x408 /home/tantos/brew-toolset/lib/gcc/brew-none-elf/12.0.1/../../../../brew-none-elf/lib/libc.a(lib_a-fflush.o)
                0x0000000000008d2a                __sflush_r
                0x0000000000008fe2                _fflush_r
                0x0000000000009062                fflush
 .text          0x0000000000009132      0x68e /home/tantos/brew-toolset/lib/gcc/brew-none-elf/12.0.1/../../../../brew-none-elf/lib/libc.a(lib_a-findfp.o)
                0x000000000000915c                _cleanup_r
                0x00000000000093e4                __sfmoreglue
                0x000000000000947e                __sfp
                0x0000000000009620                _cleanup
                0x0000000000009660                __sinit
                0x00000000000096a0                __sfp_lock_acquire
                0x00000000000096c8                __sfp_lock_release
                0x00000000000096f0                __sinit_lock_acquire
                0x0000000000009718                __sinit_lock_release
                0x0000000000009740                __fp_lock_all
                0x0000000000009780                __fp_unlock_all
 .text          0x00000000000097c0      0x57e /home/tantos/brew-toolset/lib/gcc/brew-none-elf/12.0.1/../../../../brew-none-elf/lib/libc.a(lib_a-freer.o)
                0x00000000000097c0                _malloc_trim_r
                0x0000000000009948                _free_r
 .text          0x0000000000009d3e      0x68c /home/tantos/brew-toolset/lib/gcc/brew-none-elf/12.0.1/../../../../brew-none-elf/lib/libc.a(lib_a-fvwrite.o)
                0x0000000000009d3e                __sfvwrite_r
 .text          0x000000000000a3ca      0x1e2 /home/tantos/brew-toolset/lib/gcc/brew-none-elf/12.0.1/../../../../brew-none-elf/lib/libc.a(lib_a-fwalk.o)
                0x000000000000a3ca                _fwalk
                0x000000000000a4b6                _fwalk_reent
 .text          0x000000000000a5ac       0x8a /home/tantos/brew-toolset/lib/gcc/brew-none-elf/12.0.1/../../../../brew-none-elf/lib/libc.a(lib_a-localeconv.o)
                0x000000000000a5ac                __localeconv_l
                0x000000000000a5da                _localeconv_r
                0x000000000000a608                localeconv
 .text          0x000000000000a636      0x16a /home/tantos/brew-toolset/lib/gcc/brew-none-elf/12.0.1/../../../../brew-none-elf/lib/libc.a(lib_a-locale.o)
                0x000000000000a636                _setlocale_r
                0x000000000000a6d4                __locale_mb_cur_max
                0x000000000000a702                setlocale
 .text          0x000000000000a7a0      0x330 /home/tantos/brew-toolset/lib/gcc/brew-none-elf/12.0.1/../../../../brew-none-elf/lib/libc.a(lib_a-makebuf.o)
                0x000000000000a7a0                __smakebuf_r
                0x000000000000a9b2                __swhatbuf_r
 .text          0x000000000000aad0       0xb8 /home/tantos/brew-toolset/lib/gcc/brew-none-elf/12.0.1/../../../../brew-none-elf/lib/libc.a(lib_a-mbtowc_r.o)
                0x000000000000aad0                _mbtowc_r
                0x000000000000ab12                __ascii_mbtowc
 .text          0x000000000000ab88      0x10e /home/tantos/brew-toolset/lib/gcc/brew-none-elf/12.0.1/../../../../brew-none-elf/lib/libc.a(lib_a-memchr.o)
                0x000000000000ab88                memchr
 .text          0x000000000000ac96      0x18c /home/tantos/brew-toolset/lib/gcc/brew-none-elf/12.0.1/../../../../brew-none-elf/lib/libc.a(lib_a-memmove.o)
                0x000000000000ac96                memmove
 .text          0x000000000000ae22     0x18e8 /home/tantos/brew-toolset/lib/gcc/brew-none-elf/12.0.1/../../../../brew-none-elf/lib/libc.a(lib_a-mprec.o)
                0x000000000000ae22                _Balloc
                0x000000000000af0c                _Bfree
                0x000000000000af54                __multadd
                0x000000000000b0da                __s2b
                0x000000000000b28a                __hi0bits
                0x000000000000b37e                __lo0bits
                0x000000000000b4b0                __i2b
                0x000000000000b5b2                __multiply
                0x000000000000b898                __pow5mult
                0x000000000000ba34                __lshift
                0x000000000000bc0e                __mcmp
                0x000000000000bcaa                __mdiff
                0x000000000000bfba                __ulp
                0x000000000000c062                __b2d
                0x000000000000c256                __d2b
                0x000000000000c414                __ratio
                0x000000000000c4fe                _mprec_log10
                0x000000000000c5ce                __copybits
                0x000000000000c666                __any_on
 .text          0x000000000000c70a      0x7ea /home/tantos/brew-toolset/lib/gcc/brew-none-elf/12.0.1/../../../../brew-none-elf/lib/libc.a(lib_a-reallocr.o)
                0x000000000000c70a                _realloc_r
 .text          0x000000000000cef4      0x274 /home/tantos/brew-toolset/lib/gcc/brew-none-elf/12.0.1/../../../../brew-none-elf/lib/libc.a(lib_a-reent.o)
                0x000000000000cef4                cleanup_glue
                0x000000000000cffa                _reclaim_reent
 .text          0x000000000000d168      0x240 /home/tantos/brew-toolset/lib/gcc/brew-none-elf/12.0.1/../../../../brew-none-elf/lib/libc.a(lib_a-stdio.o)
                0x000000000000d168                __sread
                0x000000000000d1f0                __seofread
                0x000000000000d21a                __swrite
                0x000000000000d2d6                __sseek
                0x000000000000d36e                __sclose
 .text          0x000000000000d3a8     0x1ce0 /home/tantos/brew-toolset/lib/gcc/brew-none-elf/12.0.1/../../../../brew-none-elf/lib/libc.a(lib_a-vfiprintf.o)
                0x000000000000d50a                __sprint_r
                0x000000000000d566                _vfiprintf_r
                0x000000000000ef22                vfiprintf
 .text          0x000000000000f088       0xb0 /home/tantos/brew-toolset/lib/gcc/brew-none-elf/12.0.1/../../../../brew-none-elf/lib/libc.a(lib_a-wctomb_r.o)
                0x000000000000f088                _wctomb_r
                0x000000000000f0be                __ascii_wctomb
 .text          0x000000000000f138       0x84 /home/tantos/brew-toolset/lib/gcc/brew-none-elf/12.0.1/../../../../brew-none-elf/lib/libc.a(lib_a-writer.o)
                0x000000000000f138                _write_r
 .text          0x000000000000f1bc       0x96 /home/tantos/brew-toolset/lib/gcc/brew-none-elf/12.0.1/../../../../brew-none-elf/lib/libc.a(lib_a-assert.o)
                0x000000000000f1bc                __assert_func
                0x000000000000f22e                __assert
 .text          0x000000000000f252      0x1e4 /home/tantos/brew-toolset/lib/gcc/brew-none-elf/12.0.1/../../../../brew-none-elf/lib/libc.a(lib_a-callocr.o)
                0x000000000000f252                _calloc_r
 .text          0x000000000000f436       0x80 /home/tantos/brew-toolset/lib/gcc/brew-none-elf/12.0.1/../../../../brew-none-elf/lib/libc.a(lib_a-closer.o)
                0x000000000000f436                _close_r
 .text          0x000000000000f4b6        0x0 /home/tantos/brew-toolset/lib/gcc/brew-none-elf/12.0.1/../../../../brew-none-elf/lib/libc.a(lib_a-ctype_.o)
 .text          0x000000000000f4b6       0x2e /home/tantos/brew-toolset/lib/gcc/brew-none-elf/12.0.1/../../../../brew-none-elf/lib/libc.a(lib_a-errno.o)
                0x000000000000f4b6                __errno
 .text          0x000000000000f4e4      0x1e2 /home/tantos/brew-toolset/lib/gcc/brew-none-elf/12.0.1/../../../../brew-none-elf/lib/libc.a(lib_a-fclose.o)
                0x000000000000f4e4                _fclose_r
                0x000000000000f68a                fclose
 .text          0x000000000000f6c6       0x9c /home/tantos/brew-toolset/lib/gcc/brew-none-elf/12.0.1/../../../../brew-none-elf/lib/libc.a(lib_a-fiprintf.o)
                0x000000000000f6c6                _fiprintf_r
                0x000000000000f70c                fiprintf
 .text          0x000000000000f762      0x27c /home/tantos/brew-toolset/lib/gcc/brew-none-elf/12.0.1/../../../../brew-none-elf/lib/libc.a(lib_a-fputwc.o)
                0x000000000000f762                __fputwc
                0x000000000000f8c2                _fputwc_r
                0x000000000000f926                fputwc
 .text          0x000000000000f9de       0x82 /home/tantos/brew-toolset/lib/gcc/brew-none-elf/12.0.1/../../../../brew-none-elf/lib/libc.a(lib_a-fstatr.o)
                0x000000000000f9de                _fstat_r
 .text          0x000000000000fa60       0x80 /home/tantos/brew-toolset/lib/gcc/brew-none-elf/12.0.1/../../../../brew-none-elf/lib/libc.a(lib_a-isattyr.o)
                0x000000000000fa60                _isatty_r
 .text          0x000000000000fae0       0x84 /home/tantos/brew-toolset/lib/gcc/brew-none-elf/12.0.1/../../../../brew-none-elf/lib/libc.a(lib_a-lseekr.o)
                0x000000000000fae0                _lseek_r
 .text          0x000000000000fb64       0x84 /home/tantos/brew-toolset/lib/gcc/brew-none-elf/12.0.1/../../../../brew-none-elf/lib/libc.a(lib_a-readr.o)
                0x000000000000fb64                _read_r
 .text          0x000000000000fbe8      0x166 /home/tantos/brew-toolset/lib/gcc/brew-none-elf/12.0.1/../../../../brew-none-elf/lib/libc.a(lib_a-wcrtomb.o)
                0x000000000000fbe8                _wcrtomb_r
                0x000000000000fc94                wcrtomb
 .text          0x000000000000fd4e       0x38 /home/tantos/brew-toolset/lib/gcc/brew-none-elf/12.0.1/../../../../brew-none-elf/lib/libc.a(lib_a-abort.o)
                0x000000000000fd4e                abort
 .text          0x000000000000fd86      0x750 /home/tantos/brew-toolset/lib/gcc/brew-none-elf/12.0.1/../../../../brew-none-elf/lib/libc.a(lib_a-signal.o)
                0x000000000000fd86                _init_signal_r
                0x000000000000fe1a                _signal_r
                0x000000000000fede                _raise_r
                0x000000000000ffee                __sigtramp_r
                0x0000000000010122                raise
                0x0000000000010236                signal
                0x0000000000010302                _init_signal
                0x000000000001039c                __sigtramp
 .text          0x00000000000104d6       0xb6 /home/tantos/brew-toolset/lib/gcc/brew-none-elf/12.0.1/../../../../brew-none-elf/lib/libc.a(lib_a-signalr.o)
                0x00000000000104d6                _kill_r
                0x0000000000010558                _getpid_r
 .text          0x000000000001058c       0x1c /home/tantos/brew-toolset/lib/gcc/brew-none-elf/12.0.1/../../../../brew-none-elf/lib/libbrew.a(exit.o)
                0x000000000001058c                _exit
 .text          0x00000000000105a8       0x1c /home/tantos/brew-toolset/lib/gcc/brew-none-elf/12.0.1/../../../../brew-none-elf/lib/libbrew.a(close.o)
                0x00000000000105a8                _close
 .text          0x00000000000105c4       0x1c /home/tantos/brew-toolset/lib/gcc/brew-none-elf/12.0.1/../../../../brew-none-elf/lib/libbrew.a(read.o)
                0x00000000000105c4                _read
 .text          0x00000000000105e0       0x1c /home/tantos/brew-toolset/lib/gcc/brew-none-elf/12.0.1/../../../../brew-none-elf/lib/libbrew.a(write.o)
                0x00000000000105e0                _write
 .text          0x00000000000105fc       0x1c /home/tantos/brew-toolset/lib/gcc/brew-none-elf/12.0.1/../../../../brew-none-elf/lib/libbrew.a(lseek.o)
                0x00000000000105fc                _lseek
 .text          0x0000000000010618       0x1c /home/tantos/brew-toolset/lib/gcc/brew-none-elf/12.0.1/../../../../brew-none-elf/lib/libbrew.a(getpid.o)
                0x0000000000010618                _getpid
 .text          0x0000000000010634       0x1c /home/tantos/brew-toolset/lib/gcc/brew-none-elf/12.0.1/../../../../brew-none-elf/lib/libbrew.a(kill.o)
                0x0000000000010634                _kill
 .text          0x0000000000010650       0x1c /home/tantos/brew-toolset/lib/gcc/brew-none-elf/12.0.1/../../../../brew-none-elf/lib/libbrew.a(fstat.o)
                0x0000000000010650                _fstat
 .text          0x000000000001066c       0x1c /home/tantos/brew-toolset/lib/gcc/brew-none-elf/12.0.1/../../../../brew-none-elf/lib/libbrew.a(isatty.o)
                0x000000000001066c                _isatty
 .text          0x0000000000010688       0x38 /home/tantos/brew-toolset/lib/gcc/brew-none-elf/12.0.1/../../../../brew-none-elf/lib/libbrew.a(sbrk.o)
                0x0000000000010688                _sbrk
 .text          0x00000000000106c0      0x836 /home/tantos/brew-toolset/lib/gcc/brew-none-elf/12.0.1/libgcc.a(_udivdi3.o)
                0x00000000000106c0                __udivdi3
 .text          0x0000000000010ef6      0x7a8 /home/tantos/brew-toolset/lib/gcc/brew-none-elf/12.0.1/libgcc.a(_umoddi3.o)
                0x0000000000010ef6                __umoddi3
 .text          0x000000000001169e       0x70 /home/tantos/brew-toolset/lib/gcc/brew-none-elf/12.0.1/libgcc.a(udivmod.o)
                0x000000000001169e                __udivsi3
                0x00000000000116d4                __umodsi3
 .text          0x000000000001170e       0xfe /home/tantos/brew-toolset/lib/gcc/brew-none-elf/12.0.1/libgcc.a(divmod.o)
                0x000000000001170e                __divsi3
                0x00000000000117a0                __modsi3
 .text          0x000000000001180c      0xb6c /home/tantos/brew-toolset/lib/gcc/brew-none-elf/12.0.1/libgcc.a(adddf3.o)
                0x000000000001180c                __adddf3
 .text          0x0000000000012378      0xc42 /home/tantos/brew-toolset/lib/gcc/brew-none-elf/12.0.1/libgcc.a(divdf3.o)
                0x0000000000012378                __divdf3
 .text          0x0000000000012fba       0xd6 /home/tantos/brew-toolset/lib/gcc/brew-none-elf/12.0.1/libgcc.a(eqdf2.o)
                0x0000000000012fba                __eqdf2
                0x0000000000012fba                __nedf2
 .text          0x0000000000013090      0x18a /home/tantos/brew-toolset/lib/gcc/brew-none-elf/12.0.1/libgcc.a(gedf2.o)
                0x0000000000013090                __gtdf2
                0x0000000000013090                __gedf2
 .text          0x000000000001321a      0x18a /home/tantos/brew-toolset/lib/gcc/brew-none-elf/12.0.1/libgcc.a(ledf2.o)
                0x000000000001321a                __ltdf2
                0x000000000001321a                __ledf2
 .text          0x00000000000133a4      0x9b8 /home/tantos/brew-toolset/lib/gcc/brew-none-elf/12.0.1/libgcc.a(muldf3.o)
                0x00000000000133a4                __muldf3
 .text          0x0000000000013d5c      0xc42 /home/tantos/brew-toolset/lib/gcc/brew-none-elf/12.0.1/libgcc.a(subdf3.o)
                0x0000000000013d5c                __subdf3
 .text          0x000000000001499e       0x90 /home/tantos/brew-toolset/lib/gcc/brew-none-elf/12.0.1/libgcc.a(unorddf2.o)
                0x000000000001499e                __unorddf2
 .text          0x0000000000014a2e       0xae /home/tantos/brew-toolset/lib/gcc/brew-none-elf/12.0.1/libgcc.a(fixdfsi.o)
                0x0000000000014a2e                __fixdfsi
 .text          0x0000000000014adc      0x150 /home/tantos/brew-toolset/lib/gcc/brew-none-elf/12.0.1/libgcc.a(floatsidf.o)
                0x0000000000014adc                __floatsidf
 .text          0x0000000000014c2c       0xe0 /home/tantos/brew-toolset/lib/gcc/brew-none-elf/12.0.1/libgcc.a(floatunsidf.o)
                0x0000000000014c2c                __floatunsidf
 .text          0x0000000000014d0c        0x0 /home/tantos/brew-toolset/lib/gcc/brew-none-elf/12.0.1/libgcc.a(_clz.o)
 .text          0x0000000000014d0c       0xb0 /home/tantos/brew-toolset/lib/gcc/brew-none-elf/12.0.1/libgcc.a(_clzsi2.o)
                0x0000000000014d0c                __clzsi2
 .text          0x0000000000014dbc       0x96 /home/tantos/brew-toolset/lib/gcc/brew-none-elf/12.0.1/libgcc.a(udivmodsi4.o)
                0x0000000000014dbc                __udivmodsi4
 .text          0x0000000000014e52        0x0 /home/tantos/brew-toolset/lib/gcc/brew-none-elf/12.0.1/crtend.o
 .text          0x0000000000014e52        0x0 /home/tantos/brew-toolset/lib/gcc/brew-none-elf/12.0.1/crtn.o
 *(.gnu.warning)

.fini
 *(SORT_NONE(.fini))
                [!provide]                        PROVIDE (__etext = .)
                [!provide]                        PROVIDE (_etext = .)
                [!provide]                        PROVIDE (etext = .)

.rodata         0x0000000000014e54      0x5d4
 *(.rodata .rodata.* .gnu.linkonce.r.*)
 .rodata        0x0000000000014e54      0x13b dhry_1.o
 *fill*         0x0000000000014f8f        0x1 
 .rodata        0x0000000000014f90        0x4 /home/tantos/brew-toolset/lib/gcc/brew-none-elf/12.0.1/../../../../brew-none-elf/lib/libc.a(lib_a-impure.o)
                0x0000000000014f90                _global_impure_ptr
 .rodata.str1.4
                0x0000000000014f94        0x2 /home/tantos/brew-toolset/lib/gcc/brew-none-elf/12.0.1/../../../../brew-none-elf/lib/libc.a(lib_a-puts.o)
 *fill*         0x0000000000014f96        0x2 
 .rodata.str1.4
                0x0000000000014f98       0x42 /home/tantos/brew-toolset/lib/gcc/brew-none-elf/12.0.1/../../../../brew-none-elf/lib/libc.a(lib_a-vfprintf.o)
 *fill*         0x0000000000014fda        0x2 
 .rodata        0x0000000000014fdc       0x20 /home/tantos/brew-toolset/lib/gcc/brew-none-elf/12.0.1/../../../../brew-none-elf/lib/libc.a(lib_a-vfprintf.o)
 .rodata.str1.4
                0x0000000000014ffc       0x59 /home/tantos/brew-toolset/lib/gcc/brew-none-elf/12.0.1/../../../../brew-none-elf/lib/libc.a(lib_a-dtoa.o)
                                         0x5d (size before relaxing)
 *fill*         0x0000000000015055        0x3 
 .rodata.str1.4
                0x0000000000015058        0xe /home/tantos/brew-toolset/lib/gcc/brew-none-elf/12.0.1/../../../../brew-none-elf/lib/libc.a(lib_a-locale.o)
                                         0x12 (size before relaxing)
 *fill*         0x0000000000015066        0x2 
 .rodata.str1.4
                0x0000000000015068       0x36 /home/tantos/brew-toolset/lib/gcc/brew-none-elf/12.0.1/../../../../brew-none-elf/lib/libc.a(lib_a-mprec.o)
                                         0x4a (size before relaxing)
 *fill*         0x000000000001509e        0x2 
 .rodata        0x00000000000150a0      0x124 /home/tantos/brew-toolset/lib/gcc/brew-none-elf/12.0.1/../../../../brew-none-elf/lib/libc.a(lib_a-mprec.o)
                0x00000000000150ac                __mprec_tinytens
                0x00000000000150d4                __mprec_bigtens
                0x00000000000150fc                __mprec_tens
 .rodata.str1.4
                0x00000000000151c4       0x2f /home/tantos/brew-toolset/lib/gcc/brew-none-elf/12.0.1/../../../../brew-none-elf/lib/libc.a(lib_a-vfiprintf.o)
 .rodata        0x00000000000151c4       0x20 /home/tantos/brew-toolset/lib/gcc/brew-none-elf/12.0.1/../../../../brew-none-elf/lib/libc.a(lib_a-vfiprintf.o)
 .rodata.str1.4
                0x00000000000151e4       0x3f /home/tantos/brew-toolset/lib/gcc/brew-none-elf/12.0.1/../../../../brew-none-elf/lib/libc.a(lib_a-assert.o)
                                         0x43 (size before relaxing)
 *fill*         0x0000000000015223        0x1 
 .rodata        0x0000000000015224      0x101 /home/tantos/brew-toolset/lib/gcc/brew-none-elf/12.0.1/../../../../brew-none-elf/lib/libc.a(lib_a-ctype_.o)
                0x0000000000015224                _ctype_
 *fill*         0x0000000000015325        0x3 
 .rodata        0x0000000000015328      0x100 /home/tantos/brew-toolset/lib/gcc/brew-none-elf/12.0.1/libgcc.a(_clz.o)
                0x0000000000015328                __clz_tab

.rodata1
 *(.rodata1)

.sdata2
 *(.sdata2 .sdata2.* .gnu.linkonce.s2.*)

.sbss2
 *(.sbss2 .sbss2.* .gnu.linkonce.sb2.*)

.eh_frame_hdr
 *(.eh_frame_hdr)
 *(.eh_frame_entry .eh_frame_entry.*)

.eh_frame
 *(.eh_frame)
 *(.eh_frame.*)

.gcc_except_table
 *(.gcc_except_table .gcc_except_table.*)

.gnu_extab
 *(.gnu_extab*)

.exception_ranges
 *(.exception_ranges*)
                0x0000000000016428                . = (ALIGN (CONSTANT (MAXPAGESIZE)) + (. & (CONSTANT (MAXPAGESIZE) - 0x1)))

.eh_frame       0x0000000000016428       0x64
 *(.eh_frame)
 .eh_frame      0x0000000000016428        0x0 /home/tantos/brew-toolset/lib/gcc/brew-none-elf/12.0.1/crtbegin.o
 .eh_frame      0x0000000000016428       0x38 /home/tantos/brew-toolset/lib/gcc/brew-none-elf/12.0.1/libgcc.a(_udivdi3.o)
 .eh_frame      0x0000000000016460       0x28 /home/tantos/brew-toolset/lib/gcc/brew-none-elf/12.0.1/libgcc.a(_umoddi3.o)
                                         0x38 (size before relaxing)
 .eh_frame      0x0000000000016488        0x4 /home/tantos/brew-toolset/lib/gcc/brew-none-elf/12.0.1/crtend.o
 *(.eh_frame.*)

.gnu_extab
 *(.gnu_extab)

.gcc_except_table
 *(.gcc_except_table .gcc_except_table.*)

.exception_ranges
 *(.exception_ranges*)

.tdata          0x000000000001648c        0x0
                [!provide]                        PROVIDE (__tdata_start = .)
 *(.tdata .tdata.* .gnu.linkonce.td.*)

.tbss
 *(.tbss .tbss.* .gnu.linkonce.tb.*)
 *(.tcommon)

.preinit_array  0x000000000001648c        0x0
                0x000000000001648c                PROVIDE (__preinit_array_start = .)
 *(.preinit_array)
                0x000000000001648c                PROVIDE (__preinit_array_end = .)

.init_array     0x000000000001648c        0x4
                0x000000000001648c                PROVIDE (__init_array_start = .)
 *(SORT_BY_INIT_PRIORITY(.init_array.*) SORT_BY_INIT_PRIORITY(.ctors.*))
 *(.init_array EXCLUDE_FILE(*crtend?.o *crtend.o *crtbegin?.o *crtbegin.o) .ctors)
 .init_array    0x000000000001648c        0x4 /home/tantos/brew-toolset/lib/gcc/brew-none-elf/12.0.1/crtbegin.o
                0x0000000000016490                PROVIDE (__init_array_end = .)

.fini_array     0x0000000000016490        0x4
                0x0000000000016490                PROVIDE (__fini_array_start = .)
 *(SORT_BY_INIT_PRIORITY(.fini_array.*) SORT_BY_INIT_PRIORITY(.dtors.*))
 *(.fini_array EXCLUDE_FILE(*crtend?.o *crtend.o *crtbegin?.o *crtbegin.o) .dtors)
 .fini_array    0x0000000000016490        0x4 /home/tantos/brew-toolset/lib/gcc/brew-none-elf/12.0.1/crtbegin.o
                0x0000000000016494                PROVIDE (__fini_array_end = .)

.ctors
 *crtbegin.o(.ctors)
 *crtbegin?.o(.ctors)
 *(EXCLUDE_FILE(*crtend?.o *crtend.o) .ctors)
 *(SORT_BY_NAME(.ctors.*))
 *(.ctors)

.dtors
 *crtbegin.o(.dtors)
 *crtbegin?.o(.dtors)
 *(EXCLUDE_FILE(*crtend?.o *crtend.o) .dtors)
 *(SORT_BY_NAME(.dtors.*))
 *(.dtors)

.jcr
 *(.jcr)

.data.rel.ro
 *(.data.rel.ro.local* .gnu.linkonce.d.rel.ro.local.*)
 *(.data.rel.ro .data.rel.ro.* .gnu.linkonce.d.rel.ro.*)

.dynamic
 *(.dynamic)

.data           0x0000000000016494      0x9b0
 *(.data .data.* .gnu.linkonce.d.*)
 .data          0x0000000000016494        0x4 /home/tantos/brew-toolset/lib/gcc/brew-none-elf/12.0.1/../../../../brew-none-elf/lib/crt0.o
 .data          0x0000000000016498        0x0 /home/tantos/brew-toolset/lib/gcc/brew-none-elf/12.0.1/crti.o
 .data          0x0000000000016498        0x4 /home/tantos/brew-toolset/lib/gcc/brew-none-elf/12.0.1/crtbegin.o
                0x0000000000016498                __dso_handle
 .data          0x000000000001649c        0x0 dhry_1.o
 .data          0x000000000001649c        0x0 dhry_2.o
 .data          0x000000000001649c        0x0 /home/tantos/brew-toolset/lib/gcc/brew-none-elf/12.0.1/../../../../brew-none-elf/lib/libc.a(lib_a-atexit.o)
 .data          0x000000000001649c        0x0 /home/tantos/brew-toolset/lib/gcc/brew-none-elf/12.0.1/../../../../brew-none-elf/lib/libc.a(lib_a-exit.o)
 .data          0x000000000001649c        0x0 /home/tantos/brew-toolset/lib/gcc/brew-none-elf/12.0.1/../../../../brew-none-elf/lib/libc.a(lib_a-fini.o)
 .data          0x000000000001649c      0x428 /home/tantos/brew-toolset/lib/gcc/brew-none-elf/12.0.1/../../../../brew-none-elf/lib/libc.a(lib_a-impure.o)
                0x000000000001649c                _impure_ptr
 .data          0x00000000000168c4        0x0 /home/tantos/brew-toolset/lib/gcc/brew-none-elf/12.0.1/../../../../brew-none-elf/lib/libc.a(lib_a-init.o)
 .data          0x00000000000168c4        0x0 /home/tantos/brew-toolset/lib/gcc/brew-none-elf/12.0.1/../../../../brew-none-elf/lib/libc.a(lib_a-malloc.o)
 .data          0x00000000000168c4      0x410 /home/tantos/brew-toolset/lib/gcc/brew-none-elf/12.0.1/../../../../brew-none-elf/lib/libc.a(lib_a-mallocr.o)
                0x00000000000168c4                __malloc_sbrk_base
                0x00000000000168c8                __malloc_trim_threshold
                0x00000000000168cc                __malloc_av_
 .data          0x0000000000016cd4        0x0 /home/tantos/brew-toolset/lib/gcc/brew-none-elf/12.0.1/../../../../brew-none-elf/lib/libc.a(lib_a-memcpy.o)
 .data          0x0000000000016cd4        0x0 /home/tantos/brew-toolset/lib/gcc/brew-none-elf/12.0.1/../../../../brew-none-elf/lib/libc.a(lib_a-memset.o)
 .data          0x0000000000016cd4        0x0 /home/tantos/brew-toolset/lib/gcc/brew-none-elf/12.0.1/../../../../brew-none-elf/lib/libc.a(lib_a-mlock.o)
 .data          0x0000000000016cd4        0x0 /home/tantos/brew-toolset/lib/gcc/brew-none-elf/12.0.1/../../../../brew-none-elf/lib/libc.a(lib_a-printf.o)
 .data          0x0000000000016cd4        0x0 /home/tantos/brew-toolset/lib/gcc/brew-none-elf/12.0.1/../../../../brew-none-elf/lib/libc.a(lib_a-putchar.o)
 .data          0x0000000000016cd4        0x0 /home/tantos/brew-toolset/lib/gcc/brew-none-elf/12.0.1/../../../../brew-none-elf/lib/libc.a(lib_a-putc.o)
 .data          0x0000000000016cd4        0x0 /home/tantos/brew-toolset/lib/gcc/brew-none-elf/12.0.1/../../../../brew-none-elf/lib/libc.a(lib_a-puts.o)
 .data          0x0000000000016cd4        0x0 /home/tantos/brew-toolset/lib/gcc/brew-none-elf/12.0.1/../../../../brew-none-elf/lib/libc.a(lib_a-sbrkr.o)
 .data          0x0000000000016cd4        0x0 /home/tantos/brew-toolset/lib/gcc/brew-none-elf/12.0.1/../../../../brew-none-elf/lib/libc.a(lib_a-strcmp.o)
 .data          0x0000000000016cd4        0x0 /home/tantos/brew-toolset/lib/gcc/brew-none-elf/12.0.1/../../../../brew-none-elf/lib/libc.a(lib_a-strlen.o)
 .data          0x0000000000016cd4        0x0 /home/tantos/brew-toolset/lib/gcc/brew-none-elf/12.0.1/../../../../brew-none-elf/lib/libc.a(lib_a-vfprintf.o)
 .data          0x0000000000016cd4        0x0 /home/tantos/brew-toolset/lib/gcc/brew-none-elf/12.0.1/../../../../brew-none-elf/lib/libc.a(lib_a-wbuf.o)
 .data          0x0000000000016cd4        0x0 /home/tantos/brew-toolset/lib/gcc/brew-none-elf/12.0.1/../../../../brew-none-elf/lib/libc.a(lib_a-wsetup.o)
 .data          0x0000000000016cd4        0x0 /home/tantos/brew-toolset/lib/gcc/brew-none-elf/12.0.1/../../../../brew-none-elf/lib/libc.a(lib_a-__atexit.o)
 .data          0x0000000000016cd4        0x0 /home/tantos/brew-toolset/lib/gcc/brew-none-elf/12.0.1/../../../../brew-none-elf/lib/libc.a(lib_a-__call_atexit.o)
 .data          0x0000000000016cd4        0x0 /home/tantos/brew-toolset/lib/gcc/brew-none-elf/12.0.1/../../../../brew-none-elf/lib/libc.a(lib_a-dtoa.o)
 .data          0x0000000000016cd4        0x0 /home/tantos/brew-toolset/lib/gcc/brew-none-elf/12.0.1/../../../../brew-none-elf/lib/libc.a(lib_a-fflush.o)
 .data          0x0000000000016cd4        0x0 /home/tantos/brew-toolset/lib/gcc/brew-none-elf/12.0.1/../../../../brew-none-elf/lib/libc.a(lib_a-findfp.o)
 .data          0x0000000000016cd4        0x0 /home/tantos/brew-toolset/lib/gcc/brew-none-elf/12.0.1/../../../../brew-none-elf/lib/libc.a(lib_a-freer.o)
 .data          0x0000000000016cd4        0x0 /home/tantos/brew-toolset/lib/gcc/brew-none-elf/12.0.1/../../../../brew-none-elf/lib/libc.a(lib_a-fvwrite.o)
 .data          0x0000000000016cd4        0x0 /home/tantos/brew-toolset/lib/gcc/brew-none-elf/12.0.1/../../../../brew-none-elf/lib/libc.a(lib_a-fwalk.o)
 .data          0x0000000000016cd4        0x0 /home/tantos/brew-toolset/lib/gcc/brew-none-elf/12.0.1/../../../../brew-none-elf/lib/libc.a(lib_a-localeconv.o)
 .data          0x0000000000016cd4      0x16c /home/tantos/brew-toolset/lib/gcc/brew-none-elf/12.0.1/../../../../brew-none-elf/lib/libc.a(lib_a-locale.o)
                0x0000000000016cd4                __global_locale
 .data          0x0000000000016e40        0x0 /home/tantos/brew-toolset/lib/gcc/brew-none-elf/12.0.1/../../../../brew-none-elf/lib/libc.a(lib_a-makebuf.o)
 .data          0x0000000000016e40        0x0 /home/tantos/brew-toolset/lib/gcc/brew-none-elf/12.0.1/../../../../brew-none-elf/lib/libc.a(lib_a-mbtowc_r.o)
 .data          0x0000000000016e40        0x0 /home/tantos/brew-toolset/lib/gcc/brew-none-elf/12.0.1/../../../../brew-none-elf/lib/libc.a(lib_a-memchr.o)
 .data          0x0000000000016e40        0x0 /home/tantos/brew-toolset/lib/gcc/brew-none-elf/12.0.1/../../../../brew-none-elf/lib/libc.a(lib_a-memmove.o)
 .data          0x0000000000016e40        0x0 /home/tantos/brew-toolset/lib/gcc/brew-none-elf/12.0.1/../../../../brew-none-elf/lib/libc.a(lib_a-mprec.o)
 .data          0x0000000000016e40        0x0 /home/tantos/brew-toolset/lib/gcc/brew-none-elf/12.0.1/../../../../brew-none-elf/lib/libc.a(lib_a-reallocr.o)
 .data          0x0000000000016e40        0x0 /home/tantos/brew-toolset/lib/gcc/brew-none-elf/12.0.1/../../../../brew-none-elf/lib/libc.a(lib_a-reent.o)
 .data          0x0000000000016e40        0x0 /home/tantos/brew-toolset/lib/gcc/brew-none-elf/12.0.1/../../../../brew-none-elf/lib/libc.a(lib_a-stdio.o)
 .data          0x0000000000016e40        0x0 /home/tantos/brew-toolset/lib/gcc/brew-none-elf/12.0.1/../../../../brew-none-elf/lib/libc.a(lib_a-vfiprintf.o)
 .data          0x0000000000016e40        0x0 /home/tantos/brew-toolset/lib/gcc/brew-none-elf/12.0.1/../../../../brew-none-elf/lib/libc.a(lib_a-wctomb_r.o)
 .data          0x0000000000016e40        0x0 /home/tantos/brew-toolset/lib/gcc/brew-none-elf/12.0.1/../../../../brew-none-elf/lib/libc.a(lib_a-writer.o)
 .data          0x0000000000016e40        0x0 /home/tantos/brew-toolset/lib/gcc/brew-none-elf/12.0.1/../../../../brew-none-elf/lib/libc.a(lib_a-assert.o)
 .data          0x0000000000016e40        0x0 /home/tantos/brew-toolset/lib/gcc/brew-none-elf/12.0.1/../../../../brew-none-elf/lib/libc.a(lib_a-callocr.o)
 .data          0x0000000000016e40        0x0 /home/tantos/brew-toolset/lib/gcc/brew-none-elf/12.0.1/../../../../brew-none-elf/lib/libc.a(lib_a-closer.o)
 .data          0x0000000000016e40        0x0 /home/tantos/brew-toolset/lib/gcc/brew-none-elf/12.0.1/../../../../brew-none-elf/lib/libc.a(lib_a-ctype_.o)
 .data          0x0000000000016e40        0x0 /home/tantos/brew-toolset/lib/gcc/brew-none-elf/12.0.1/../../../../brew-none-elf/lib/libc.a(lib_a-errno.o)
 .data          0x0000000000016e40        0x0 /home/tantos/brew-toolset/lib/gcc/brew-none-elf/12.0.1/../../../../brew-none-elf/lib/libc.a(lib_a-fclose.o)
 .data          0x0000000000016e40        0x0 /home/tantos/brew-toolset/lib/gcc/brew-none-elf/12.0.1/../../../../brew-none-elf/lib/libc.a(lib_a-fiprintf.o)
 .data          0x0000000000016e40        0x0 /home/tantos/brew-toolset/lib/gcc/brew-none-elf/12.0.1/../../../../brew-none-elf/lib/libc.a(lib_a-fputwc.o)
 .data          0x0000000000016e40        0x0 /home/tantos/brew-toolset/lib/gcc/brew-none-elf/12.0.1/../../../../brew-none-elf/lib/libc.a(lib_a-fstatr.o)
 .data          0x0000000000016e40        0x0 /home/tantos/brew-toolset/lib/gcc/brew-none-elf/12.0.1/../../../../brew-none-elf/lib/libc.a(lib_a-isattyr.o)
 .data          0x0000000000016e40        0x0 /home/tantos/brew-toolset/lib/gcc/brew-none-elf/12.0.1/../../../../brew-none-elf/lib/libc.a(lib_a-lseekr.o)
 .data          0x0000000000016e40        0x0 /home/tantos/brew-toolset/lib/gcc/brew-none-elf/12.0.1/../../../../brew-none-elf/lib/libc.a(lib_a-readr.o)
 .data          0x0000000000016e40        0x0 /home/tantos/brew-toolset/lib/gcc/brew-none-elf/12.0.1/../../../../brew-none-elf/lib/libc.a(lib_a-wcrtomb.o)
 .data          0x0000000000016e40        0x0 /home/tantos/brew-toolset/lib/gcc/brew-none-elf/12.0.1/../../../../brew-none-elf/lib/libc.a(lib_a-abort.o)
 .data          0x0000000000016e40        0x0 /home/tantos/brew-toolset/lib/gcc/brew-none-elf/12.0.1/../../../../brew-none-elf/lib/libc.a(lib_a-signal.o)
 .data          0x0000000000016e40        0x0 /home/tantos/brew-toolset/lib/gcc/brew-none-elf/12.0.1/../../../../brew-none-elf/lib/libc.a(lib_a-signalr.o)
 .data          0x0000000000016e40        0x0 /home/tantos/brew-toolset/lib/gcc/brew-none-elf/12.0.1/../../../../brew-none-elf/lib/libbrew.a(exit.o)
 .data          0x0000000000016e40        0x0 /home/tantos/brew-toolset/lib/gcc/brew-none-elf/12.0.1/../../../../brew-none-elf/lib/libbrew.a(close.o)
 .data          0x0000000000016e40        0x0 /home/tantos/brew-toolset/lib/gcc/brew-none-elf/12.0.1/../../../../brew-none-elf/lib/libbrew.a(read.o)
 .data          0x0000000000016e40        0x0 /home/tantos/brew-toolset/lib/gcc/brew-none-elf/12.0.1/../../../../brew-none-elf/lib/libbrew.a(write.o)
 .data          0x0000000000016e40        0x0 /home/tantos/brew-toolset/lib/gcc/brew-none-elf/12.0.1/../../../../brew-none-elf/lib/libbrew.a(lseek.o)
 .data          0x0000000000016e40        0x0 /home/tantos/brew-toolset/lib/gcc/brew-none-elf/12.0.1/../../../../brew-none-elf/lib/libbrew.a(getpid.o)
 .data          0x0000000000016e40        0x0 /home/tantos/brew-toolset/lib/gcc/brew-none-elf/12.0.1/../../../../brew-none-elf/lib/libbrew.a(kill.o)
 .data          0x0000000000016e40        0x0 /home/tantos/brew-toolset/lib/gcc/brew-none-elf/12.0.1/../../../../brew-none-elf/lib/libbrew.a(fstat.o)
 .data          0x0000000000016e40        0x0 /home/tantos/brew-toolset/lib/gcc/brew-none-elf/12.0.1/../../../../brew-none-elf/lib/libbrew.a(isatty.o)
 .data          0x0000000000016e40        0x4 /home/tantos/brew-toolset/lib/gcc/brew-none-elf/12.0.1/../../../../brew-none-elf/lib/libbrew.a(sbrk.o)
                0x0000000000016e40                __heap_ptr
 .data          0x0000000000016e44        0x0 /home/tantos/brew-toolset/lib/gcc/brew-none-elf/12.0.1/libgcc.a(_udivdi3.o)
 .data          0x0000000000016e44        0x0 /home/tantos/brew-toolset/lib/gcc/brew-none-elf/12.0.1/libgcc.a(_umoddi3.o)
 .data          0x0000000000016e44        0x0 /home/tantos/brew-toolset/lib/gcc/brew-none-elf/12.0.1/libgcc.a(udivmod.o)
 .data          0x0000000000016e44        0x0 /home/tantos/brew-toolset/lib/gcc/brew-none-elf/12.0.1/libgcc.a(divmod.o)
 .data          0x0000000000016e44        0x0 /home/tantos/brew-toolset/lib/gcc/brew-none-elf/12.0.1/libgcc.a(adddf3.o)
 .data          0x0000000000016e44        0x0 /home/tantos/brew-toolset/lib/gcc/brew-none-elf/12.0.1/libgcc.a(divdf3.o)
 .data          0x0000000000016e44        0x0 /home/tantos/brew-toolset/lib/gcc/brew-none-elf/12.0.1/libgcc.a(eqdf2.o)
 .data          0x0000000000016e44        0x0 /home/tantos/brew-toolset/lib/gcc/brew-none-elf/12.0.1/libgcc.a(gedf2.o)
 .data          0x0000000000016e44        0x0 /home/tantos/brew-toolset/lib/gcc/brew-none-elf/12.0.1/libgcc.a(ledf2.o)
 .data          0x0000000000016e44        0x0 /home/tantos/brew-toolset/lib/gcc/brew-none-elf/12.0.1/libgcc.a(muldf3.o)
 .data          0x0000000000016e44        0x0 /home/tantos/brew-toolset/lib/gcc/brew-none-elf/12.0.1/libgcc.a(subdf3.o)
 .data          0x0000000000016e44        0x0 /home/tantos/brew-toolset/lib/gcc/brew-none-elf/12.0.1/libgcc.a(unorddf2.o)
 .data          0x0000000000016e44        0x0 /home/tantos/brew-toolset/lib/gcc/brew-none-elf/12.0.1/libgcc.a(fixdfsi.o)
 .data          0x0000000000016e44        0x0 /home/tantos/brew-toolset/lib/gcc/brew-none-elf/12.0.1/libgcc.a(floatsidf.o)
 .data          0x0000000000016e44        0x0 /home/tantos/brew-toolset/lib/gcc/brew-none-elf/12.0.1/libgcc.a(floatunsidf.o)
 .data          0x0000000000016e44        0x0 /home/tantos/brew-toolset/lib/gcc/brew-none-elf/12.0.1/libgcc.a(_clz.o)
 .data          0x0000000000016e44        0x0 /home/tantos/brew-toolset/lib/gcc/brew-none-elf/12.0.1/libgcc.a(_clzsi2.o)
 .data          0x0000000000016e44        0x0 /home/tantos/brew-toolset/lib/gcc/brew-none-elf/12.0.1/libgcc.a(udivmodsi4.o)
 .data          0x0000000000016e44        0x0 /home/tantos/brew-toolset/lib/gcc/brew-none-elf/12.0.1/crtend.o
 .data          0x0000000000016e44        0x0 /home/tantos/brew-toolset/lib/gcc/brew-none-elf/12.0.1/crtn.o

.tm_clone_table
                0x0000000000016e44        0x0
 .tm_clone_table
                0x0000000000016e44        0x0 /home/tantos/brew-toolset/lib/gcc/brew-none-elf/12.0.1/crtbegin.o
 .tm_clone_table
                0x0000000000016e44        0x0 /home/tantos/brew-toolset/lib/gcc/brew-none-elf/12.0.1/crtend.o

.data1
 *(.data1)

.got
 *(.got.plt)
 *(.igot.plt)
 *(.got)
 *(.igot)

.sdata
 *(.sdata .sdata.* .gnu.linkonce.s.*)
                0x0000000000016e44                _edata = .
                [!provide]                        PROVIDE (edata = .)
                0x0000000000016e44                . = .
                0x0000000000016e44                __bss_start = .
                0x0000000000016e44                __bss_start__ = .

.sbss
 *(.dynsbss)
 *(.sbss .sbss.* .gnu.linkonce.sb.*)
 *(.scommon)

.bss            0x0000000000016e44     0x285c
 *(.dynbss)
 *(.bss .bss.* .gnu.linkonce.b.*)
 .bss           0x0000000000016e44        0x0 /home/tantos/brew-toolset/lib/gcc/brew-none-elf/12.0.1/../../../../brew-none-elf/lib/crt0.o
 .bss           0x0000000000016e44        0x0 /home/tantos/brew-toolset/lib/gcc/brew-none-elf/12.0.1/crti.o
 .bss           0x0000000000016e44       0x1c /home/tantos/brew-toolset/lib/gcc/brew-none-elf/12.0.1/crtbegin.o
 .bss           0x0000000000016e60     0x2804 dhry_1.o
                0x0000000000016e60                Ptr_Glob
                0x0000000000016e64                Next_Ptr_Glob
                0x0000000000016e68                Int_Glob
                0x0000000000016e6c                Bool_Glob
                0x0000000000016e70                Ch_1_Glob
                0x0000000000016e71                Ch_2_Glob
                0x0000000000016e74                Arr_1_Glob
                0x0000000000016f3c                Arr_2_Glob
                0x000000000001964c                Reg
                0x0000000000019650                Begin_Time
                0x0000000000019654                End_Time
                0x0000000000019658                User_Time
                0x000000000001965c                Microseconds
                0x0000000000019660                Dhrystones_Per_Second
 .bss           0x0000000000019664        0x0 dhry_2.o
 .bss           0x0000000000019664        0x0 /home/tantos/brew-toolset/lib/gcc/brew-none-elf/12.0.1/../../../../brew-none-elf/lib/libc.a(lib_a-atexit.o)
 .bss           0x0000000000019664        0x0 /home/tantos/brew-toolset/lib/gcc/brew-none-elf/12.0.1/../../../../brew-none-elf/lib/libc.a(lib_a-exit.o)
 .bss           0x0000000000019664        0x0 /home/tantos/brew-toolset/lib/gcc/brew-none-elf/12.0.1/../../../../brew-none-elf/lib/libc.a(lib_a-fini.o)
 .bss           0x0000000000019664        0x0 /home/tantos/brew-toolset/lib/gcc/brew-none-elf/12.0.1/../../../../brew-none-elf/lib/libc.a(lib_a-impure.o)
 .bss           0x0000000000019664        0x0 /home/tantos/brew-toolset/lib/gcc/brew-none-elf/12.0.1/../../../../brew-none-elf/lib/libc.a(lib_a-init.o)
 .bss           0x0000000000019664        0x0 /home/tantos/brew-toolset/lib/gcc/brew-none-elf/12.0.1/../../../../brew-none-elf/lib/libc.a(lib_a-malloc.o)
 .bss           0x0000000000019664       0x34 /home/tantos/brew-toolset/lib/gcc/brew-none-elf/12.0.1/../../../../brew-none-elf/lib/libc.a(lib_a-mallocr.o)
                0x0000000000019664                __malloc_current_mallinfo
                0x000000000001968c                __malloc_max_total_mem
                0x0000000000019690                __malloc_max_sbrked_mem
                0x0000000000019694                __malloc_top_pad
 .bss           0x0000000000019698        0x0 /home/tantos/brew-toolset/lib/gcc/brew-none-elf/12.0.1/../../../../brew-none-elf/lib/libc.a(lib_a-memcpy.o)
 .bss           0x0000000000019698        0x0 /home/tantos/brew-toolset/lib/gcc/brew-none-elf/12.0.1/../../../../brew-none-elf/lib/libc.a(lib_a-memset.o)
 .bss           0x0000000000019698        0x0 /home/tantos/brew-toolset/lib/gcc/brew-none-elf/12.0.1/../../../../brew-none-elf/lib/libc.a(lib_a-mlock.o)
 .bss           0x0000000000019698        0x0 /home/tantos/brew-toolset/lib/gcc/brew-none-elf/12.0.1/../../../../brew-none-elf/lib/libc.a(lib_a-printf.o)
 .bss           0x0000000000019698        0x0 /home/tantos/brew-toolset/lib/gcc/brew-none-elf/12.0.1/../../../../brew-none-elf/lib/libc.a(lib_a-putchar.o)
 .bss           0x0000000000019698        0x0 /home/tantos/brew-toolset/lib/gcc/brew-none-elf/12.0.1/../../../../brew-none-elf/lib/libc.a(lib_a-putc.o)
 .bss           0x0000000000019698        0x0 /home/tantos/brew-toolset/lib/gcc/brew-none-elf/12.0.1/../../../../brew-none-elf/lib/libc.a(lib_a-puts.o)
 .bss           0x0000000000019698        0x0 /home/tantos/brew-toolset/lib/gcc/brew-none-elf/12.0.1/../../../../brew-none-elf/lib/libc.a(lib_a-sbrkr.o)
 .bss           0x0000000000019698        0x0 /home/tantos/brew-toolset/lib/gcc/brew-none-elf/12.0.1/../../../../brew-none-elf/lib/libc.a(lib_a-strcmp.o)
 .bss           0x0000000000019698        0x0 /home/tantos/brew-toolset/lib/gcc/brew-none-elf/12.0.1/../../../../brew-none-elf/lib/libc.a(lib_a-strlen.o)
 .bss           0x0000000000019698        0x0 /home/tantos/brew-toolset/lib/gcc/brew-none-elf/12.0.1/../../../../brew-none-elf/lib/libc.a(lib_a-vfprintf.o)
 .bss           0x0000000000019698        0x0 /home/tantos/brew-toolset/lib/gcc/brew-none-elf/12.0.1/../../../../brew-none-elf/lib/libc.a(lib_a-wbuf.o)
 .bss           0x0000000000019698        0x0 /home/tantos/brew-toolset/lib/gcc/brew-none-elf/12.0.1/../../../../brew-none-elf/lib/libc.a(lib_a-wsetup.o)
 .bss           0x0000000000019698        0x0 /home/tantos/brew-toolset/lib/gcc/brew-none-elf/12.0.1/../../../../brew-none-elf/lib/libc.a(lib_a-__atexit.o)
 .bss           0x0000000000019698        0x0 /home/tantos/brew-toolset/lib/gcc/brew-none-elf/12.0.1/../../../../brew-none-elf/lib/libc.a(lib_a-__call_atexit.o)
 .bss           0x0000000000019698        0x0 /home/tantos/brew-toolset/lib/gcc/brew-none-elf/12.0.1/../../../../brew-none-elf/lib/libc.a(lib_a-dtoa.o)
 .bss           0x0000000000019698        0x0 /home/tantos/brew-toolset/lib/gcc/brew-none-elf/12.0.1/../../../../brew-none-elf/lib/libc.a(lib_a-fflush.o)
 .bss           0x0000000000019698        0x0 /home/tantos/brew-toolset/lib/gcc/brew-none-elf/12.0.1/../../../../brew-none-elf/lib/libc.a(lib_a-findfp.o)
 .bss           0x0000000000019698        0x0 /home/tantos/brew-toolset/lib/gcc/brew-none-elf/12.0.1/../../../../brew-none-elf/lib/libc.a(lib_a-freer.o)
 .bss           0x0000000000019698        0x0 /home/tantos/brew-toolset/lib/gcc/brew-none-elf/12.0.1/../../../../brew-none-elf/lib/libc.a(lib_a-fvwrite.o)
 .bss           0x0000000000019698        0x0 /home/tantos/brew-toolset/lib/gcc/brew-none-elf/12.0.1/../../../../brew-none-elf/lib/libc.a(lib_a-fwalk.o)
 .bss           0x0000000000019698        0x0 /home/tantos/brew-toolset/lib/gcc/brew-none-elf/12.0.1/../../../../brew-none-elf/lib/libc.a(lib_a-localeconv.o)
 .bss           0x0000000000019698        0x4 /home/tantos/brew-toolset/lib/gcc/brew-none-elf/12.0.1/../../../../brew-none-elf/lib/libc.a(lib_a-locale.o)
                0x0000000000019698                _PathLocale
 .bss           0x000000000001969c        0x0 /home/tantos/brew-toolset/lib/gcc/brew-none-elf/12.0.1/../../../../brew-none-elf/lib/libc.a(lib_a-makebuf.o)
 .bss           0x000000000001969c        0x0 /home/tantos/brew-toolset/lib/gcc/brew-none-elf/12.0.1/../../../../brew-none-elf/lib/libc.a(lib_a-mbtowc_r.o)
 .bss           0x000000000001969c        0x0 /home/tantos/brew-toolset/lib/gcc/brew-none-elf/12.0.1/../../../../brew-none-elf/lib/libc.a(lib_a-memchr.o)
 .bss           0x000000000001969c        0x0 /home/tantos/brew-toolset/lib/gcc/brew-none-elf/12.0.1/../../../../brew-none-elf/lib/libc.a(lib_a-memmove.o)
 .bss           0x000000000001969c        0x0 /home/tantos/brew-toolset/lib/gcc/brew-none-elf/12.0.1/../../../../brew-none-elf/lib/libc.a(lib_a-mprec.o)
 .bss           0x000000000001969c        0x0 /home/tantos/brew-toolset/lib/gcc/brew-none-elf/12.0.1/../../../../brew-none-elf/lib/libc.a(lib_a-reallocr.o)
 .bss           0x000000000001969c        0x4 /home/tantos/brew-toolset/lib/gcc/brew-none-elf/12.0.1/../../../../brew-none-elf/lib/libc.a(lib_a-reent.o)
                0x000000000001969c                errno
 .bss           0x00000000000196a0        0x0 /home/tantos/brew-toolset/lib/gcc/brew-none-elf/12.0.1/../../../../brew-none-elf/lib/libc.a(lib_a-stdio.o)
 .bss           0x00000000000196a0        0x0 /home/tantos/brew-toolset/lib/gcc/brew-none-elf/12.0.1/../../../../brew-none-elf/lib/libc.a(lib_a-vfiprintf.o)
 .bss           0x00000000000196a0        0x0 /home/tantos/brew-toolset/lib/gcc/brew-none-elf/12.0.1/../../../../brew-none-elf/lib/libc.a(lib_a-wctomb_r.o)
 .bss           0x00000000000196a0        0x0 /home/tantos/brew-toolset/lib/gcc/brew-none-elf/12.0.1/../../../../brew-none-elf/lib/libc.a(lib_a-writer.o)
 .bss           0x00000000000196a0        0x0 /home/tantos/brew-toolset/lib/gcc/brew-none-elf/12.0.1/../../../../brew-none-elf/lib/libc.a(lib_a-assert.o)
 .bss           0x00000000000196a0        0x0 /home/tantos/brew-toolset/lib/gcc/brew-none-elf/12.0.1/../../../../brew-none-elf/lib/libc.a(lib_a-callocr.o)
 .bss           0x00000000000196a0        0x0 /home/tantos/brew-toolset/lib/gcc/brew-none-elf/12.0.1/../../../../brew-none-elf/lib/libc.a(lib_a-closer.o)
 .bss           0x00000000000196a0        0x0 /home/tantos/brew-toolset/lib/gcc/brew-none-elf/12.0.1/../../../../brew-none-elf/lib/libc.a(lib_a-ctype_.o)
 .bss           0x00000000000196a0        0x0 /home/tantos/brew-toolset/lib/gcc/brew-none-elf/12.0.1/../../../../brew-none-elf/lib/libc.a(lib_a-errno.o)
 .bss           0x00000000000196a0        0x0 /home/tantos/brew-toolset/lib/gcc/brew-none-elf/12.0.1/../../../../brew-none-elf/lib/libc.a(lib_a-fclose.o)
 .bss           0x00000000000196a0        0x0 /home/tantos/brew-toolset/lib/gcc/brew-none-elf/12.0.1/../../../../brew-none-elf/lib/libc.a(lib_a-fiprintf.o)
 .bss           0x00000000000196a0        0x0 /home/tantos/brew-toolset/lib/gcc/brew-none-elf/12.0.1/../../../../brew-none-elf/lib/libc.a(lib_a-fputwc.o)
 .bss           0x00000000000196a0        0x0 /home/tantos/brew-toolset/lib/gcc/brew-none-elf/12.0.1/../../../../brew-none-elf/lib/libc.a(lib_a-fstatr.o)
 .bss           0x00000000000196a0        0x0 /home/tantos/brew-toolset/lib/gcc/brew-none-elf/12.0.1/../../../../brew-none-elf/lib/libc.a(lib_a-isattyr.o)
 .bss           0x00000000000196a0        0x0 /home/tantos/brew-toolset/lib/gcc/brew-none-elf/12.0.1/../../../../brew-none-elf/lib/libc.a(lib_a-lseekr.o)
 .bss           0x00000000000196a0        0x0 /home/tantos/brew-toolset/lib/gcc/brew-none-elf/12.0.1/../../../../brew-none-elf/lib/libc.a(lib_a-readr.o)
 .bss           0x00000000000196a0        0x0 /home/tantos/brew-toolset/lib/gcc/brew-none-elf/12.0.1/../../../../brew-none-elf/lib/libc.a(lib_a-wcrtomb.o)
 .bss           0x00000000000196a0        0x0 /home/tantos/brew-toolset/lib/gcc/brew-none-elf/12.0.1/../../../../brew-none-elf/lib/libc.a(lib_a-abort.o)
 .bss           0x00000000000196a0        0x0 /home/tantos/brew-toolset/lib/gcc/brew-none-elf/12.0.1/../../../../brew-none-elf/lib/libc.a(lib_a-signal.o)
 .bss           0x00000000000196a0        0x0 /home/tantos/brew-toolset/lib/gcc/brew-none-elf/12.0.1/../../../../brew-none-elf/lib/libc.a(lib_a-signalr.o)
 .bss           0x00000000000196a0        0x0 /home/tantos/brew-toolset/lib/gcc/brew-none-elf/12.0.1/../../../../brew-none-elf/lib/libbrew.a(exit.o)
 .bss           0x00000000000196a0        0x0 /home/tantos/brew-toolset/lib/gcc/brew-none-elf/12.0.1/../../../../brew-none-elf/lib/libbrew.a(close.o)
 .bss           0x00000000000196a0        0x0 /home/tantos/brew-toolset/lib/gcc/brew-none-elf/12.0.1/../../../../brew-none-elf/lib/libbrew.a(read.o)
 .bss           0x00000000000196a0        0x0 /home/tantos/brew-toolset/lib/gcc/brew-none-elf/12.0.1/../../../../brew-none-elf/lib/libbrew.a(write.o)
 .bss           0x00000000000196a0        0x0 /home/tantos/brew-toolset/lib/gcc/brew-none-elf/12.0.1/../../../../brew-none-elf/lib/libbrew.a(lseek.o)
 .bss           0x00000000000196a0        0x0 /home/tantos/brew-toolset/lib/gcc/brew-none-elf/12.0.1/../../../../brew-none-elf/lib/libbrew.a(getpid.o)
 .bss           0x00000000000196a0        0x0 /home/tantos/brew-toolset/lib/gcc/brew-none-elf/12.0.1/../../../../brew-none-elf/lib/libbrew.a(kill.o)
 .bss           0x00000000000196a0        0x0 /home/tantos/brew-toolset/lib/gcc/brew-none-elf/12.0.1/../../../../brew-none-elf/lib/libbrew.a(fstat.o)
 .bss           0x00000000000196a0        0x0 /home/tantos/brew-toolset/lib/gcc/brew-none-elf/12.0.1/../../../../brew-none-elf/lib/libbrew.a(isatty.o)
 .bss           0x00000000000196a0        0x0 /home/tantos/brew-toolset/lib/gcc/brew-none-elf/12.0.1/../../../../brew-none-elf/lib/libbrew.a(sbrk.o)
 .bss           0x00000000000196a0        0x0 /home/tantos/brew-toolset/lib/gcc/brew-none-elf/12.0.1/libgcc.a(_udivdi3.o)
 .bss           0x00000000000196a0        0x0 /home/tantos/brew-toolset/lib/gcc/brew-none-elf/12.0.1/libgcc.a(_umoddi3.o)
 .bss           0x00000000000196a0        0x0 /home/tantos/brew-toolset/lib/gcc/brew-none-elf/12.0.1/libgcc.a(udivmod.o)
 .bss           0x00000000000196a0        0x0 /home/tantos/brew-toolset/lib/gcc/brew-none-elf/12.0.1/libgcc.a(divmod.o)
 .bss           0x00000000000196a0        0x0 /home/tantos/brew-toolset/lib/gcc/brew-none-elf/12.0.1/libgcc.a(adddf3.o)
 .bss           0x00000000000196a0        0x0 /home/tantos/brew-toolset/lib/gcc/brew-none-elf/12.0.1/libgcc.a(divdf3.o)
 .bss           0x00000000000196a0        0x0 /home/tantos/brew-toolset/lib/gcc/brew-none-elf/12.0.1/libgcc.a(eqdf2.o)
 .bss           0x00000000000196a0        0x0 /home/tantos/brew-toolset/lib/gcc/brew-none-elf/12.0.1/libgcc.a(gedf2.o)
 .bss           0x00000000000196a0        0x0 /home/tantos/brew-toolset/lib/gcc/brew-none-elf/12.0.1/libgcc.a(ledf2.o)
 .bss           0x00000000000196a0        0x0 /home/tantos/brew-toolset/lib/gcc/brew-none-elf/12.0.1/libgcc.a(muldf3.o)
 .bss           0x00000000000196a0        0x0 /home/tantos/brew-toolset/lib/gcc/brew-none-elf/12.0.1/libgcc.a(subdf3.o)
 .bss           0x00000000000196a0        0x0 /home/tantos/brew-toolset/lib/gcc/brew-none-elf/12.0.1/libgcc.a(unorddf2.o)
 .bss           0x00000000000196a0        0x0 /home/tantos/brew-toolset/lib/gcc/brew-none-elf/12.0.1/libgcc.a(fixdfsi.o)
 .bss           0x00000000000196a0        0x0 /home/tantos/brew-toolset/lib/gcc/brew-none-elf/12.0.1/libgcc.a(floatsidf.o)
 .bss           0x00000000000196a0        0x0 /home/tantos/brew-toolset/lib/gcc/brew-none-elf/12.0.1/libgcc.a(floatunsidf.o)
 .bss           0x00000000000196a0        0x0 /home/tantos/brew-toolset/lib/gcc/brew-none-elf/12.0.1/libgcc.a(_clz.o)
 .bss           0x00000000000196a0        0x0 /home/tantos/brew-toolset/lib/gcc/brew-none-elf/12.0.1/libgcc.a(_clzsi2.o)
 .bss           0x00000000000196a0        0x0 /home/tantos/brew-toolset/lib/gcc/brew-none-elf/12.0.1/libgcc.a(udivmodsi4.o)
 .bss           0x00000000000196a0        0x0 /home/tantos/brew-toolset/lib/gcc/brew-none-elf/12.0.1/crtend.o
 .bss           0x00000000000196a0        0x0 /home/tantos/brew-toolset/lib/gcc/brew-none-elf/12.0.1/crtn.o
 *(COMMON)
                0x00000000000196a0                . = ALIGN ((. != 0x0)?0x4:0x1)
                0x00000000000196a0                __bss_end__ = .
                0x00000000000196a0                . = ALIGN (0x4)
                0x00000000000196a0                . = SEGMENT_START ("ldata-segment", .)
                0x00000000000196a0                . = ALIGN (0x4)
                0x00000000000196a0                _end = .
                [!provide]                        PROVIDE (end = .)

.stack          0x0000000080000000        0x0
                0x0000000080000000                _stack = .
 *(.stack)

.stab
 *(.stab)

.stabstr
 *(.stabstr)

.stab.excl
 *(.stab.excl)

.stab.exclstr
 *(.stab.exclstr)

.stab.index
 *(.stab.index)

.stab.indexstr
 *(.stab.indexstr)

.comment        0x0000000000000000       0x2a
 *(.comment)
 .comment       0x0000000000000000       0x2a /home/tantos/brew-toolset/lib/gcc/brew-none-elf/12.0.1/crtbegin.o
                                         0x2b (size before relaxing)
 .comment       0x000000000000002a       0x2b dhry_1.o
 .comment       0x000000000000002a       0x2b dhry_2.o
 .comment       0x000000000000002a       0x2b /home/tantos/brew-toolset/lib/gcc/brew-none-elf/12.0.1/../../../../brew-none-elf/lib/libc.a(lib_a-atexit.o)
 .comment       0x000000000000002a       0x2b /home/tantos/brew-toolset/lib/gcc/brew-none-elf/12.0.1/../../../../brew-none-elf/lib/libc.a(lib_a-exit.o)
 .comment       0x000000000000002a       0x2b /home/tantos/brew-toolset/lib/gcc/brew-none-elf/12.0.1/../../../../brew-none-elf/lib/libc.a(lib_a-fini.o)
 .comment       0x000000000000002a       0x2b /home/tantos/brew-toolset/lib/gcc/brew-none-elf/12.0.1/../../../../brew-none-elf/lib/libc.a(lib_a-impure.o)
 .comment       0x000000000000002a       0x2b /home/tantos/brew-toolset/lib/gcc/brew-none-elf/12.0.1/../../../../brew-none-elf/lib/libc.a(lib_a-init.o)
 .comment       0x000000000000002a       0x2b /home/tantos/brew-toolset/lib/gcc/brew-none-elf/12.0.1/../../../../brew-none-elf/lib/libc.a(lib_a-malloc.o)
 .comment       0x000000000000002a       0x2b /home/tantos/brew-toolset/lib/gcc/brew-none-elf/12.0.1/../../../../brew-none-elf/lib/libc.a(lib_a-mallocr.o)
 .comment       0x000000000000002a       0x2b /home/tantos/brew-toolset/lib/gcc/brew-none-elf/12.0.1/../../../../brew-none-elf/lib/libc.a(lib_a-memcpy.o)
 .comment       0x000000000000002a       0x2b /home/tantos/brew-toolset/lib/gcc/brew-none-elf/12.0.1/../../../../brew-none-elf/lib/libc.a(lib_a-memset.o)
 .comment       0x000000000000002a       0x2b /home/tantos/brew-toolset/lib/gcc/brew-none-elf/12.0.1/../../../../brew-none-elf/lib/libc.a(lib_a-mlock.o)
 .comment       0x000000000000002a       0x2b /home/tantos/brew-toolset/lib/gcc/brew-none-elf/12.0.1/../../../../brew-none-elf/lib/libc.a(lib_a-printf.o)
 .comment       0x000000000000002a       0x2b /home/tantos/brew-toolset/lib/gcc/brew-none-elf/12.0.1/../../../../brew-none-elf/lib/libc.a(lib_a-putchar.o)
 .comment       0x000000000000002a       0x2b /home/tantos/brew-toolset/lib/gcc/brew-none-elf/12.0.1/../../../../brew-none-elf/lib/libc.a(lib_a-putc.o)
 .comment       0x000000000000002a       0x2b /home/tantos/brew-toolset/lib/gcc/brew-none-elf/12.0.1/../../../../brew-none-elf/lib/libc.a(lib_a-puts.o)
 .comment       0x000000000000002a       0x2b /home/tantos/brew-toolset/lib/gcc/brew-none-elf/12.0.1/../../../../brew-none-elf/lib/libc.a(lib_a-sbrkr.o)
 .comment       0x000000000000002a       0x2b /home/tantos/brew-toolset/lib/gcc/brew-none-elf/12.0.1/../../../../brew-none-elf/lib/libc.a(lib_a-strcmp.o)
 .comment       0x000000000000002a       0x2b /home/tantos/brew-toolset/lib/gcc/brew-none-elf/12.0.1/../../../../brew-none-elf/lib/libc.a(lib_a-strlen.o)
 .comment       0x000000000000002a       0x2b /home/tantos/brew-toolset/lib/gcc/brew-none-elf/12.0.1/../../../../brew-none-elf/lib/libc.a(lib_a-vfprintf.o)
 .comment       0x000000000000002a       0x2b /home/tantos/brew-toolset/lib/gcc/brew-none-elf/12.0.1/../../../../brew-none-elf/lib/libc.a(lib_a-wbuf.o)
 .comment       0x000000000000002a       0x2b /home/tantos/brew-toolset/lib/gcc/brew-none-elf/12.0.1/../../../../brew-none-elf/lib/libc.a(lib_a-wsetup.o)
 .comment       0x000000000000002a       0x2b /home/tantos/brew-toolset/lib/gcc/brew-none-elf/12.0.1/../../../../brew-none-elf/lib/libc.a(lib_a-__atexit.o)
 .comment       0x000000000000002a       0x2b /home/tantos/brew-toolset/lib/gcc/brew-none-elf/12.0.1/../../../../brew-none-elf/lib/libc.a(lib_a-__call_atexit.o)
 .comment       0x000000000000002a       0x2b /home/tantos/brew-toolset/lib/gcc/brew-none-elf/12.0.1/../../../../brew-none-elf/lib/libc.a(lib_a-dtoa.o)
 .comment       0x000000000000002a       0x2b /home/tantos/brew-toolset/lib/gcc/brew-none-elf/12.0.1/../../../../brew-none-elf/lib/libc.a(lib_a-fflush.o)
 .comment       0x000000000000002a       0x2b /home/tantos/brew-toolset/lib/gcc/brew-none-elf/12.0.1/../../../../brew-none-elf/lib/libc.a(lib_a-findfp.o)
 .comment       0x000000000000002a       0x2b /home/tantos/brew-toolset/lib/gcc/brew-none-elf/12.0.1/../../../../brew-none-elf/lib/libc.a(lib_a-freer.o)
 .comment       0x000000000000002a       0x2b /home/tantos/brew-toolset/lib/gcc/brew-none-elf/12.0.1/../../../../brew-none-elf/lib/libc.a(lib_a-fvwrite.o)
 .comment       0x000000000000002a       0x2b /home/tantos/brew-toolset/lib/gcc/brew-none-elf/12.0.1/../../../../brew-none-elf/lib/libc.a(lib_a-fwalk.o)
 .comment       0x000000000000002a       0x2b /home/tantos/brew-toolset/lib/gcc/brew-none-elf/12.0.1/../../../../brew-none-elf/lib/libc.a(lib_a-localeconv.o)
 .comment       0x000000000000002a       0x2b /home/tantos/brew-toolset/lib/gcc/brew-none-elf/12.0.1/../../../../brew-none-elf/lib/libc.a(lib_a-locale.o)
 .comment       0x000000000000002a       0x2b /home/tantos/brew-toolset/lib/gcc/brew-none-elf/12.0.1/../../../../brew-none-elf/lib/libc.a(lib_a-makebuf.o)
 .comment       0x000000000000002a       0x2b /home/tantos/brew-toolset/lib/gcc/brew-none-elf/12.0.1/../../../../brew-none-elf/lib/libc.a(lib_a-mbtowc_r.o)
 .comment       0x000000000000002a       0x2b /home/tantos/brew-toolset/lib/gcc/brew-none-elf/12.0.1/../../../../brew-none-elf/lib/libc.a(lib_a-memchr.o)
 .comment       0x000000000000002a       0x2b /home/tantos/brew-toolset/lib/gcc/brew-none-elf/12.0.1/../../../../brew-none-elf/lib/libc.a(lib_a-memmove.o)
 .comment       0x000000000000002a       0x2b /home/tantos/brew-toolset/lib/gcc/brew-none-elf/12.0.1/../../../../brew-none-elf/lib/libc.a(lib_a-mprec.o)
 .comment       0x000000000000002a       0x2b /home/tantos/brew-toolset/lib/gcc/brew-none-elf/12.0.1/../../../../brew-none-elf/lib/libc.a(lib_a-reallocr.o)
 .comment       0x000000000000002a       0x2b /home/tantos/brew-toolset/lib/gcc/brew-none-elf/12.0.1/../../../../brew-none-elf/lib/libc.a(lib_a-reent.o)
 .comment       0x000000000000002a       0x2b /home/tantos/brew-toolset/lib/gcc/brew-none-elf/12.0.1/../../../../brew-none-elf/lib/libc.a(lib_a-stdio.o)
 .comment       0x000000000000002a       0x2b /home/tantos/brew-toolset/lib/gcc/brew-none-elf/12.0.1/../../../../brew-none-elf/lib/libc.a(lib_a-vfiprintf.o)
 .comment       0x000000000000002a       0x2b /home/tantos/brew-toolset/lib/gcc/brew-none-elf/12.0.1/../../../../brew-none-elf/lib/libc.a(lib_a-wctomb_r.o)
 .comment       0x000000000000002a       0x2b /home/tantos/brew-toolset/lib/gcc/brew-none-elf/12.0.1/../../../../brew-none-elf/lib/libc.a(lib_a-writer.o)
 .comment       0x000000000000002a       0x2b /home/tantos/brew-toolset/lib/gcc/brew-none-elf/12.0.1/../../../../brew-none-elf/lib/libc.a(lib_a-assert.o)
 .comment       0x000000000000002a       0x2b /home/tantos/brew-toolset/lib/gcc/brew-none-elf/12.0.1/../../../../brew-none-elf/lib/libc.a(lib_a-callocr.o)
 .comment       0x000000000000002a       0x2b /home/tantos/brew-toolset/lib/gcc/brew-none-elf/12.0.1/../../../../brew-none-elf/lib/libc.a(lib_a-closer.o)
 .comment       0x000000000000002a       0x2b /home/tantos/brew-toolset/lib/gcc/brew-none-elf/12.0.1/../../../../brew-none-elf/lib/libc.a(lib_a-ctype_.o)
 .comment       0x000000000000002a       0x2b /home/tantos/brew-toolset/lib/gcc/brew-none-elf/12.0.1/../../../../brew-none-elf/lib/libc.a(lib_a-errno.o)
 .comment       0x000000000000002a       0x2b /home/tantos/brew-toolset/lib/gcc/brew-none-elf/12.0.1/../../../../brew-none-elf/lib/libc.a(lib_a-fclose.o)
 .comment       0x000000000000002a       0x2b /home/tantos/brew-toolset/lib/gcc/brew-none-elf/12.0.1/../../../../brew-none-elf/lib/libc.a(lib_a-fiprintf.o)
 .comment       0x000000000000002a       0x2b /home/tantos/brew-toolset/lib/gcc/brew-none-elf/12.0.1/../../../../brew-none-elf/lib/libc.a(lib_a-fputwc.o)
 .comment       0x000000000000002a       0x2b /home/tantos/brew-toolset/lib/gcc/brew-none-elf/12.0.1/../../../../brew-none-elf/lib/libc.a(lib_a-fstatr.o)
 .comment       0x000000000000002a       0x2b /home/tantos/brew-toolset/lib/gcc/brew-none-elf/12.0.1/../../../../brew-none-elf/lib/libc.a(lib_a-isattyr.o)
 .comment       0x000000000000002a       0x2b /home/tantos/brew-toolset/lib/gcc/brew-none-elf/12.0.1/../../../../brew-none-elf/lib/libc.a(lib_a-lseekr.o)
 .comment       0x000000000000002a       0x2b /home/tantos/brew-toolset/lib/gcc/brew-none-elf/12.0.1/../../../../brew-none-elf/lib/libc.a(lib_a-readr.o)
 .comment       0x000000000000002a       0x2b /home/tantos/brew-toolset/lib/gcc/brew-none-elf/12.0.1/../../../../brew-none-elf/lib/libc.a(lib_a-wcrtomb.o)
 .comment       0x000000000000002a       0x2b /home/tantos/brew-toolset/lib/gcc/brew-none-elf/12.0.1/../../../../brew-none-elf/lib/libc.a(lib_a-abort.o)
 .comment       0x000000000000002a       0x2b /home/tantos/brew-toolset/lib/gcc/brew-none-elf/12.0.1/../../../../brew-none-elf/lib/libc.a(lib_a-signal.o)
 .comment       0x000000000000002a       0x2b /home/tantos/brew-toolset/lib/gcc/brew-none-elf/12.0.1/../../../../brew-none-elf/lib/libc.a(lib_a-signalr.o)
 .comment       0x000000000000002a       0x2b /home/tantos/brew-toolset/lib/gcc/brew-none-elf/12.0.1/../../../../brew-none-elf/lib/libbrew.a(sbrk.o)
 .comment       0x000000000000002a       0x2b /home/tantos/brew-toolset/lib/gcc/brew-none-elf/12.0.1/libgcc.a(_udivdi3.o)
 .comment       0x000000000000002a       0x2b /home/tantos/brew-toolset/lib/gcc/brew-none-elf/12.0.1/libgcc.a(_umoddi3.o)
 .comment       0x000000000000002a       0x2b /home/tantos/brew-toolset/lib/gcc/brew-none-elf/12.0.1/libgcc.a(udivmod.o)
 .comment       0x000000000000002a       0x2b /home/tantos/brew-toolset/lib/gcc/brew-none-elf/12.0.1/libgcc.a(divmod.o)
 .comment       0x000000000000002a       0x2b /home/tantos/brew-toolset/lib/gcc/brew-none-elf/12.0.1/libgcc.a(adddf3.o)
 .comment       0x000000000000002a       0x2b /home/tantos/brew-toolset/lib/gcc/brew-none-elf/12.0.1/libgcc.a(divdf3.o)
 .comment       0x000000000000002a       0x2b /home/tantos/brew-toolset/lib/gcc/brew-none-elf/12.0.1/libgcc.a(eqdf2.o)
 .comment       0x000000000000002a       0x2b /home/tantos/brew-toolset/lib/gcc/brew-none-elf/12.0.1/libgcc.a(gedf2.o)
 .comment       0x000000000000002a       0x2b /home/tantos/brew-toolset/lib/gcc/brew-none-elf/12.0.1/libgcc.a(ledf2.o)
 .comment       0x000000000000002a       0x2b /home/tantos/brew-toolset/lib/gcc/brew-none-elf/12.0.1/libgcc.a(muldf3.o)
 .comment       0x000000000000002a       0x2b /home/tantos/brew-toolset/lib/gcc/brew-none-elf/12.0.1/libgcc.a(subdf3.o)
 .comment       0x000000000000002a       0x2b /home/tantos/brew-toolset/lib/gcc/brew-none-elf/12.0.1/libgcc.a(unorddf2.o)
 .comment       0x000000000000002a       0x2b /home/tantos/brew-toolset/lib/gcc/brew-none-elf/12.0.1/libgcc.a(fixdfsi.o)
 .comment       0x000000000000002a       0x2b /home/tantos/brew-toolset/lib/gcc/brew-none-elf/12.0.1/libgcc.a(floatsidf.o)
 .comment       0x000000000000002a       0x2b /home/tantos/brew-toolset/lib/gcc/brew-none-elf/12.0.1/libgcc.a(floatunsidf.o)
 .comment       0x000000000000002a       0x2b /home/tantos/brew-toolset/lib/gcc/brew-none-elf/12.0.1/libgcc.a(_clz.o)
 .comment       0x000000000000002a       0x2b /home/tantos/brew-toolset/lib/gcc/brew-none-elf/12.0.1/libgcc.a(_clzsi2.o)
 .comment       0x000000000000002a       0x2b /home/tantos/brew-toolset/lib/gcc/brew-none-elf/12.0.1/libgcc.a(udivmodsi4.o)
 .comment       0x000000000000002a       0x2b /home/tantos/brew-toolset/lib/gcc/brew-none-elf/12.0.1/crtend.o

.gnu.build.attributes
 *(.gnu.build.attributes .gnu.build.attributes.*)

.debug
 *(.debug)

.line
 *(.line)

.debug_srcinfo
 *(.debug_srcinfo)

.debug_sfnames
 *(.debug_sfnames)

.debug_aranges  0x0000000000000000      0x968
 *(.debug_aranges)
 .debug_aranges
                0x0000000000000000       0x20 /home/tantos/brew-toolset/lib/gcc/brew-none-elf/12.0.1/../../../../brew-none-elf/lib/libc.a(lib_a-atexit.o)
 .debug_aranges
                0x0000000000000020       0x20 /home/tantos/brew-toolset/lib/gcc/brew-none-elf/12.0.1/../../../../brew-none-elf/lib/libc.a(lib_a-exit.o)
 .debug_aranges
                0x0000000000000040       0x20 /home/tantos/brew-toolset/lib/gcc/brew-none-elf/12.0.1/../../../../brew-none-elf/lib/libc.a(lib_a-fini.o)
 .debug_aranges
                0x0000000000000060       0x18 /home/tantos/brew-toolset/lib/gcc/brew-none-elf/12.0.1/../../../../brew-none-elf/lib/libc.a(lib_a-impure.o)
 .debug_aranges
                0x0000000000000078       0x20 /home/tantos/brew-toolset/lib/gcc/brew-none-elf/12.0.1/../../../../brew-none-elf/lib/libc.a(lib_a-init.o)
 .debug_aranges
                0x0000000000000098       0x20 /home/tantos/brew-toolset/lib/gcc/brew-none-elf/12.0.1/../../../../brew-none-elf/lib/libc.a(lib_a-malloc.o)
 .debug_aranges
                0x00000000000000b8       0x20 /home/tantos/brew-toolset/lib/gcc/brew-none-elf/12.0.1/../../../../brew-none-elf/lib/libc.a(lib_a-mallocr.o)
 .debug_aranges
                0x00000000000000d8       0x20 /home/tantos/brew-toolset/lib/gcc/brew-none-elf/12.0.1/../../../../brew-none-elf/lib/libc.a(lib_a-memcpy.o)
 .debug_aranges
                0x00000000000000f8       0x20 /home/tantos/brew-toolset/lib/gcc/brew-none-elf/12.0.1/../../../../brew-none-elf/lib/libc.a(lib_a-memset.o)
 .debug_aranges
                0x0000000000000118       0x20 /home/tantos/brew-toolset/lib/gcc/brew-none-elf/12.0.1/../../../../brew-none-elf/lib/libc.a(lib_a-mlock.o)
 .debug_aranges
                0x0000000000000138       0x20 /home/tantos/brew-toolset/lib/gcc/brew-none-elf/12.0.1/../../../../brew-none-elf/lib/libc.a(lib_a-printf.o)
 .debug_aranges
                0x0000000000000158       0x20 /home/tantos/brew-toolset/lib/gcc/brew-none-elf/12.0.1/../../../../brew-none-elf/lib/libc.a(lib_a-putchar.o)
 .debug_aranges
                0x0000000000000178       0x20 /home/tantos/brew-toolset/lib/gcc/brew-none-elf/12.0.1/../../../../brew-none-elf/lib/libc.a(lib_a-putc.o)
 .debug_aranges
                0x0000000000000198       0x20 /home/tantos/brew-toolset/lib/gcc/brew-none-elf/12.0.1/../../../../brew-none-elf/lib/libc.a(lib_a-puts.o)
 .debug_aranges
                0x00000000000001b8       0x20 /home/tantos/brew-toolset/lib/gcc/brew-none-elf/12.0.1/../../../../brew-none-elf/lib/libc.a(lib_a-sbrkr.o)
 .debug_aranges
                0x00000000000001d8       0x20 /home/tantos/brew-toolset/lib/gcc/brew-none-elf/12.0.1/../../../../brew-none-elf/lib/libc.a(lib_a-strcmp.o)
 .debug_aranges
                0x00000000000001f8       0x20 /home/tantos/brew-toolset/lib/gcc/brew-none-elf/12.0.1/../../../../brew-none-elf/lib/libc.a(lib_a-strlen.o)
 .debug_aranges
                0x0000000000000218       0x20 /home/tantos/brew-toolset/lib/gcc/brew-none-elf/12.0.1/../../../../brew-none-elf/lib/libc.a(lib_a-vfprintf.o)
 .debug_aranges
                0x0000000000000238       0x20 /home/tantos/brew-toolset/lib/gcc/brew-none-elf/12.0.1/../../../../brew-none-elf/lib/libc.a(lib_a-wbuf.o)
 .debug_aranges
                0x0000000000000258       0x20 /home/tantos/brew-toolset/lib/gcc/brew-none-elf/12.0.1/../../../../brew-none-elf/lib/libc.a(lib_a-wsetup.o)
 .debug_aranges
                0x0000000000000278       0x20 /home/tantos/brew-toolset/lib/gcc/brew-none-elf/12.0.1/../../../../brew-none-elf/lib/libc.a(lib_a-__atexit.o)
 .debug_aranges
                0x0000000000000298       0x20 /home/tantos/brew-toolset/lib/gcc/brew-none-elf/12.0.1/../../../../brew-none-elf/lib/libc.a(lib_a-__call_atexit.o)
 .debug_aranges
                0x00000000000002b8       0x20 /home/tantos/brew-toolset/lib/gcc/brew-none-elf/12.0.1/../../../../brew-none-elf/lib/libc.a(lib_a-dtoa.o)
 .debug_aranges
                0x00000000000002d8       0x20 /home/tantos/brew-toolset/lib/gcc/brew-none-elf/12.0.1/../../../../brew-none-elf/lib/libc.a(lib_a-fflush.o)
 .debug_aranges
                0x00000000000002f8       0x20 /home/tantos/brew-toolset/lib/gcc/brew-none-elf/12.0.1/../../../../brew-none-elf/lib/libc.a(lib_a-findfp.o)
 .debug_aranges
                0x0000000000000318       0x20 /home/tantos/brew-toolset/lib/gcc/brew-none-elf/12.0.1/../../../../brew-none-elf/lib/libc.a(lib_a-freer.o)
 .debug_aranges
                0x0000000000000338       0x20 /home/tantos/brew-toolset/lib/gcc/brew-none-elf/12.0.1/../../../../brew-none-elf/lib/libc.a(lib_a-fvwrite.o)
 .debug_aranges
                0x0000000000000358       0x20 /home/tantos/brew-toolset/lib/gcc/brew-none-elf/12.0.1/../../../../brew-none-elf/lib/libc.a(lib_a-fwalk.o)
 .debug_aranges
                0x0000000000000378       0x20 /home/tantos/brew-toolset/lib/gcc/brew-none-elf/12.0.1/../../../../brew-none-elf/lib/libc.a(lib_a-localeconv.o)
 .debug_aranges
                0x0000000000000398       0x20 /home/tantos/brew-toolset/lib/gcc/brew-none-elf/12.0.1/../../../../brew-none-elf/lib/libc.a(lib_a-locale.o)
 .debug_aranges
                0x00000000000003b8       0x20 /home/tantos/brew-toolset/lib/gcc/brew-none-elf/12.0.1/../../../../brew-none-elf/lib/libc.a(lib_a-makebuf.o)
 .debug_aranges
                0x00000000000003d8       0x20 /home/tantos/brew-toolset/lib/gcc/brew-none-elf/12.0.1/../../../../brew-none-elf/lib/libc.a(lib_a-mbtowc_r.o)
 .debug_aranges
                0x00000000000003f8       0x20 /home/tantos/brew-toolset/lib/gcc/brew-none-elf/12.0.1/../../../../brew-none-elf/lib/libc.a(lib_a-memchr.o)
 .debug_aranges
                0x0000000000000418       0x20 /home/tantos/brew-toolset/lib/gcc/brew-none-elf/12.0.1/../../../../brew-none-elf/lib/libc.a(lib_a-memmove.o)
 .debug_aranges
                0x0000000000000438       0x20 /home/tantos/brew-toolset/lib/gcc/brew-none-elf/12.0.1/../../../../brew-none-elf/lib/libc.a(lib_a-mprec.o)
 .debug_aranges
                0x0000000000000458       0x20 /home/tantos/brew-toolset/lib/gcc/brew-none-elf/12.0.1/../../../../brew-none-elf/lib/libc.a(lib_a-reallocr.o)
 .debug_aranges
                0x0000000000000478       0x20 /home/tantos/brew-toolset/lib/gcc/brew-none-elf/12.0.1/../../../../brew-none-elf/lib/libc.a(lib_a-reent.o)
 .debug_aranges
                0x0000000000000498       0x20 /home/tantos/brew-toolset/lib/gcc/brew-none-elf/12.0.1/../../../../brew-none-elf/lib/libc.a(lib_a-stdio.o)
 .debug_aranges
                0x00000000000004b8       0x20 /home/tantos/brew-toolset/lib/gcc/brew-none-elf/12.0.1/../../../../brew-none-elf/lib/libc.a(lib_a-vfiprintf.o)
 .debug_aranges
                0x00000000000004d8       0x20 /home/tantos/brew-toolset/lib/gcc/brew-none-elf/12.0.1/../../../../brew-none-elf/lib/libc.a(lib_a-wctomb_r.o)
 .debug_aranges
                0x00000000000004f8       0x20 /home/tantos/brew-toolset/lib/gcc/brew-none-elf/12.0.1/../../../../brew-none-elf/lib/libc.a(lib_a-writer.o)
 .debug_aranges
                0x0000000000000518       0x20 /home/tantos/brew-toolset/lib/gcc/brew-none-elf/12.0.1/../../../../brew-none-elf/lib/libc.a(lib_a-assert.o)
 .debug_aranges
                0x0000000000000538       0x20 /home/tantos/brew-toolset/lib/gcc/brew-none-elf/12.0.1/../../../../brew-none-elf/lib/libc.a(lib_a-callocr.o)
 .debug_aranges
                0x0000000000000558       0x20 /home/tantos/brew-toolset/lib/gcc/brew-none-elf/12.0.1/../../../../brew-none-elf/lib/libc.a(lib_a-closer.o)
 .debug_aranges
                0x0000000000000578       0x18 /home/tantos/brew-toolset/lib/gcc/brew-none-elf/12.0.1/../../../../brew-none-elf/lib/libc.a(lib_a-ctype_.o)
 .debug_aranges
                0x0000000000000590       0x20 /home/tantos/brew-toolset/lib/gcc/brew-none-elf/12.0.1/../../../../brew-none-elf/lib/libc.a(lib_a-errno.o)
 .debug_aranges
                0x00000000000005b0       0x20 /home/tantos/brew-toolset/lib/gcc/brew-none-elf/12.0.1/../../../../brew-none-elf/lib/libc.a(lib_a-fclose.o)
 .debug_aranges
                0x00000000000005d0       0x20 /home/tantos/brew-toolset/lib/gcc/brew-none-elf/12.0.1/../../../../brew-none-elf/lib/libc.a(lib_a-fiprintf.o)
 .debug_aranges
                0x00000000000005f0       0x20 /home/tantos/brew-toolset/lib/gcc/brew-none-elf/12.0.1/../../../../brew-none-elf/lib/libc.a(lib_a-fputwc.o)
 .debug_aranges
                0x0000000000000610       0x20 /home/tantos/brew-toolset/lib/gcc/brew-none-elf/12.0.1/../../../../brew-none-elf/lib/libc.a(lib_a-fstatr.o)
 .debug_aranges
                0x0000000000000630       0x20 /home/tantos/brew-toolset/lib/gcc/brew-none-elf/12.0.1/../../../../brew-none-elf/lib/libc.a(lib_a-isattyr.o)
 .debug_aranges
                0x0000000000000650       0x20 /home/tantos/brew-toolset/lib/gcc/brew-none-elf/12.0.1/../../../../brew-none-elf/lib/libc.a(lib_a-lseekr.o)
 .debug_aranges
                0x0000000000000670       0x20 /home/tantos/brew-toolset/lib/gcc/brew-none-elf/12.0.1/../../../../brew-none-elf/lib/libc.a(lib_a-readr.o)
 .debug_aranges
                0x0000000000000690       0x20 /home/tantos/brew-toolset/lib/gcc/brew-none-elf/12.0.1/../../../../brew-none-elf/lib/libc.a(lib_a-wcrtomb.o)
 .debug_aranges
                0x00000000000006b0       0x20 /home/tantos/brew-toolset/lib/gcc/brew-none-elf/12.0.1/../../../../brew-none-elf/lib/libc.a(lib_a-abort.o)
 .debug_aranges
                0x00000000000006d0       0x20 /home/tantos/brew-toolset/lib/gcc/brew-none-elf/12.0.1/../../../../brew-none-elf/lib/libc.a(lib_a-signal.o)
 .debug_aranges
                0x00000000000006f0       0x20 /home/tantos/brew-toolset/lib/gcc/brew-none-elf/12.0.1/../../../../brew-none-elf/lib/libc.a(lib_a-signalr.o)
 .debug_aranges
                0x0000000000000710       0x20 /home/tantos/brew-toolset/lib/gcc/brew-none-elf/12.0.1/../../../../brew-none-elf/lib/libbrew.a(sbrk.o)
 .debug_aranges
                0x0000000000000730       0x20 /home/tantos/brew-toolset/lib/gcc/brew-none-elf/12.0.1/libgcc.a(_udivdi3.o)
 .debug_aranges
                0x0000000000000750       0x20 /home/tantos/brew-toolset/lib/gcc/brew-none-elf/12.0.1/libgcc.a(_umoddi3.o)
 .debug_aranges
                0x0000000000000770       0x20 /home/tantos/brew-toolset/lib/gcc/brew-none-elf/12.0.1/libgcc.a(udivmod.o)
 .debug_aranges
                0x0000000000000790       0x20 /home/tantos/brew-toolset/lib/gcc/brew-none-elf/12.0.1/libgcc.a(divmod.o)
 .debug_aranges
                0x00000000000007b0       0x20 /home/tantos/brew-toolset/lib/gcc/brew-none-elf/12.0.1/libgcc.a(adddf3.o)
 .debug_aranges
                0x00000000000007d0       0x20 /home/tantos/brew-toolset/lib/gcc/brew-none-elf/12.0.1/libgcc.a(divdf3.o)
 .debug_aranges
                0x00000000000007f0       0x20 /home/tantos/brew-toolset/lib/gcc/brew-none-elf/12.0.1/libgcc.a(eqdf2.o)
 .debug_aranges
                0x0000000000000810       0x20 /home/tantos/brew-toolset/lib/gcc/brew-none-elf/12.0.1/libgcc.a(gedf2.o)
 .debug_aranges
                0x0000000000000830       0x20 /home/tantos/brew-toolset/lib/gcc/brew-none-elf/12.0.1/libgcc.a(ledf2.o)
 .debug_aranges
                0x0000000000000850       0x20 /home/tantos/brew-toolset/lib/gcc/brew-none-elf/12.0.1/libgcc.a(muldf3.o)
 .debug_aranges
                0x0000000000000870       0x20 /home/tantos/brew-toolset/lib/gcc/brew-none-elf/12.0.1/libgcc.a(subdf3.o)
 .debug_aranges
                0x0000000000000890       0x20 /home/tantos/brew-toolset/lib/gcc/brew-none-elf/12.0.1/libgcc.a(unorddf2.o)
 .debug_aranges
                0x00000000000008b0       0x20 /home/tantos/brew-toolset/lib/gcc/brew-none-elf/12.0.1/libgcc.a(fixdfsi.o)
 .debug_aranges
                0x00000000000008d0       0x20 /home/tantos/brew-toolset/lib/gcc/brew-none-elf/12.0.1/libgcc.a(floatsidf.o)
 .debug_aranges
                0x00000000000008f0       0x20 /home/tantos/brew-toolset/lib/gcc/brew-none-elf/12.0.1/libgcc.a(floatunsidf.o)
 .debug_aranges
                0x0000000000000910       0x18 /home/tantos/brew-toolset/lib/gcc/brew-none-elf/12.0.1/libgcc.a(_clz.o)
 .debug_aranges
                0x0000000000000928       0x20 /home/tantos/brew-toolset/lib/gcc/brew-none-elf/12.0.1/libgcc.a(_clzsi2.o)
 .debug_aranges
                0x0000000000000948       0x20 /home/tantos/brew-toolset/lib/gcc/brew-none-elf/12.0.1/libgcc.a(udivmodsi4.o)

.debug_pubnames
 *(.debug_pubnames)

.debug_info     0x0000000000000000    0x2723d
 *(.debug_info .gnu.linkonce.wi.*)
 .debug_info    0x0000000000000000      0x114 /home/tantos/brew-toolset/lib/gcc/brew-none-elf/12.0.1/../../../../brew-none-elf/lib/libc.a(lib_a-atexit.o)
 .debug_info    0x0000000000000114      0x908 /home/tantos/brew-toolset/lib/gcc/brew-none-elf/12.0.1/../../../../brew-none-elf/lib/libc.a(lib_a-exit.o)
 .debug_info    0x0000000000000a1c       0xde /home/tantos/brew-toolset/lib/gcc/brew-none-elf/12.0.1/../../../../brew-none-elf/lib/libc.a(lib_a-fini.o)
 .debug_info    0x0000000000000afa      0x8be /home/tantos/brew-toolset/lib/gcc/brew-none-elf/12.0.1/../../../../brew-none-elf/lib/libc.a(lib_a-impure.o)
 .debug_info    0x00000000000013b8       0xf2 /home/tantos/brew-toolset/lib/gcc/brew-none-elf/12.0.1/../../../../brew-none-elf/lib/libc.a(lib_a-init.o)
 .debug_info    0x00000000000014aa      0x93a /home/tantos/brew-toolset/lib/gcc/brew-none-elf/12.0.1/../../../../brew-none-elf/lib/libc.a(lib_a-malloc.o)
 .debug_info    0x0000000000001de4      0xdd8 /home/tantos/brew-toolset/lib/gcc/brew-none-elf/12.0.1/../../../../brew-none-elf/lib/libc.a(lib_a-mallocr.o)
 .debug_info    0x0000000000002bbc      0x13a /home/tantos/brew-toolset/lib/gcc/brew-none-elf/12.0.1/../../../../brew-none-elf/lib/libc.a(lib_a-memcpy.o)
 .debug_info    0x0000000000002cf6      0x11b /home/tantos/brew-toolset/lib/gcc/brew-none-elf/12.0.1/../../../../brew-none-elf/lib/libc.a(lib_a-memset.o)
 .debug_info    0x0000000000002e11      0x8d4 /home/tantos/brew-toolset/lib/gcc/brew-none-elf/12.0.1/../../../../brew-none-elf/lib/libc.a(lib_a-mlock.o)
 .debug_info    0x00000000000036e5      0x9c7 /home/tantos/brew-toolset/lib/gcc/brew-none-elf/12.0.1/../../../../brew-none-elf/lib/libc.a(lib_a-printf.o)
 .debug_info    0x00000000000040ac      0x955 /home/tantos/brew-toolset/lib/gcc/brew-none-elf/12.0.1/../../../../brew-none-elf/lib/libc.a(lib_a-putchar.o)
 .debug_info    0x0000000000004a01      0xa74 /home/tantos/brew-toolset/lib/gcc/brew-none-elf/12.0.1/../../../../brew-none-elf/lib/libc.a(lib_a-putc.o)
 .debug_info    0x0000000000005475      0xa75 /home/tantos/brew-toolset/lib/gcc/brew-none-elf/12.0.1/../../../../brew-none-elf/lib/libc.a(lib_a-puts.o)
 .debug_info    0x0000000000005eea      0x91c /home/tantos/brew-toolset/lib/gcc/brew-none-elf/12.0.1/../../../../brew-none-elf/lib/libc.a(lib_a-sbrkr.o)
 .debug_info    0x0000000000006806       0xdb /home/tantos/brew-toolset/lib/gcc/brew-none-elf/12.0.1/../../../../brew-none-elf/lib/libc.a(lib_a-strcmp.o)
 .debug_info    0x00000000000068e1       0xdf /home/tantos/brew-toolset/lib/gcc/brew-none-elf/12.0.1/../../../../brew-none-elf/lib/libc.a(lib_a-strlen.o)
 .debug_info    0x00000000000069c0     0x1a65 /home/tantos/brew-toolset/lib/gcc/brew-none-elf/12.0.1/../../../../brew-none-elf/lib/libc.a(lib_a-vfprintf.o)
 .debug_info    0x0000000000008425      0x9f3 /home/tantos/brew-toolset/lib/gcc/brew-none-elf/12.0.1/../../../../brew-none-elf/lib/libc.a(lib_a-wbuf.o)
 .debug_info    0x0000000000008e18      0x95d /home/tantos/brew-toolset/lib/gcc/brew-none-elf/12.0.1/../../../../brew-none-elf/lib/libc.a(lib_a-wsetup.o)
 .debug_info    0x0000000000009775      0x92d /home/tantos/brew-toolset/lib/gcc/brew-none-elf/12.0.1/../../../../brew-none-elf/lib/libc.a(lib_a-__atexit.o)
 .debug_info    0x000000000000a0a2      0x95c /home/tantos/brew-toolset/lib/gcc/brew-none-elf/12.0.1/../../../../brew-none-elf/lib/libc.a(lib_a-__call_atexit.o)
 .debug_info    0x000000000000a9fe     0x19f9 /home/tantos/brew-toolset/lib/gcc/brew-none-elf/12.0.1/../../../../brew-none-elf/lib/libc.a(lib_a-dtoa.o)
 .debug_info    0x000000000000c3f7      0xb4e /home/tantos/brew-toolset/lib/gcc/brew-none-elf/12.0.1/../../../../brew-none-elf/lib/libc.a(lib_a-fflush.o)
 .debug_info    0x000000000000cf45      0xf43 /home/tantos/brew-toolset/lib/gcc/brew-none-elf/12.0.1/../../../../brew-none-elf/lib/libc.a(lib_a-findfp.o)
 .debug_info    0x000000000000de88      0xc68 /home/tantos/brew-toolset/lib/gcc/brew-none-elf/12.0.1/../../../../brew-none-elf/lib/libc.a(lib_a-freer.o)
 .debug_info    0x000000000000eaf0      0xcac /home/tantos/brew-toolset/lib/gcc/brew-none-elf/12.0.1/../../../../brew-none-elf/lib/libc.a(lib_a-fvwrite.o)
 .debug_info    0x000000000000f79c      0x9c0 /home/tantos/brew-toolset/lib/gcc/brew-none-elf/12.0.1/../../../../brew-none-elf/lib/libc.a(lib_a-fwalk.o)
 .debug_info    0x000000000001015c      0xbc5 /home/tantos/brew-toolset/lib/gcc/brew-none-elf/12.0.1/../../../../brew-none-elf/lib/libc.a(lib_a-localeconv.o)
 .debug_info    0x0000000000010d21      0xd5f /home/tantos/brew-toolset/lib/gcc/brew-none-elf/12.0.1/../../../../brew-none-elf/lib/libc.a(lib_a-locale.o)
 .debug_info    0x0000000000011a80      0xd61 /home/tantos/brew-toolset/lib/gcc/brew-none-elf/12.0.1/../../../../brew-none-elf/lib/libc.a(lib_a-makebuf.o)
 .debug_info    0x00000000000127e1      0xc31 /home/tantos/brew-toolset/lib/gcc/brew-none-elf/12.0.1/../../../../brew-none-elf/lib/libc.a(lib_a-mbtowc_r.o)
 .debug_info    0x0000000000013412      0x128 /home/tantos/brew-toolset/lib/gcc/brew-none-elf/12.0.1/../../../../brew-none-elf/lib/libc.a(lib_a-memchr.o)
 .debug_info    0x000000000001353a      0x130 /home/tantos/brew-toolset/lib/gcc/brew-none-elf/12.0.1/../../../../brew-none-elf/lib/libc.a(lib_a-memmove.o)
 .debug_info    0x000000000001366a     0x1d30 /home/tantos/brew-toolset/lib/gcc/brew-none-elf/12.0.1/../../../../brew-none-elf/lib/libc.a(lib_a-mprec.o)
 .debug_info    0x000000000001539a      0xd1a /home/tantos/brew-toolset/lib/gcc/brew-none-elf/12.0.1/../../../../brew-none-elf/lib/libc.a(lib_a-reallocr.o)
 .debug_info    0x00000000000160b4      0xb18 /home/tantos/brew-toolset/lib/gcc/brew-none-elf/12.0.1/../../../../brew-none-elf/lib/libc.a(lib_a-reent.o)
 .debug_info    0x0000000000016bcc      0xba4 /home/tantos/brew-toolset/lib/gcc/brew-none-elf/12.0.1/../../../../brew-none-elf/lib/libc.a(lib_a-stdio.o)
 .debug_info    0x0000000000017770     0x182f /home/tantos/brew-toolset/lib/gcc/brew-none-elf/12.0.1/../../../../brew-none-elf/lib/libc.a(lib_a-vfiprintf.o)
 .debug_info    0x0000000000018f9f      0xbfa /home/tantos/brew-toolset/lib/gcc/brew-none-elf/12.0.1/../../../../brew-none-elf/lib/libc.a(lib_a-wctomb_r.o)
 .debug_info    0x0000000000019b99      0x94b /home/tantos/brew-toolset/lib/gcc/brew-none-elf/12.0.1/../../../../brew-none-elf/lib/libc.a(lib_a-writer.o)
 .debug_info    0x000000000001a4e4      0x9aa /home/tantos/brew-toolset/lib/gcc/brew-none-elf/12.0.1/../../../../brew-none-elf/lib/libc.a(lib_a-assert.o)
 .debug_info    0x000000000001ae8e      0xa5d /home/tantos/brew-toolset/lib/gcc/brew-none-elf/12.0.1/../../../../brew-none-elf/lib/libc.a(lib_a-callocr.o)
 .debug_info    0x000000000001b8eb      0x8f7 /home/tantos/brew-toolset/lib/gcc/brew-none-elf/12.0.1/../../../../brew-none-elf/lib/libc.a(lib_a-closer.o)
 .debug_info    0x000000000001c1e2       0xb9 /home/tantos/brew-toolset/lib/gcc/brew-none-elf/12.0.1/../../../../brew-none-elf/lib/libc.a(lib_a-ctype_.o)